Archive member included to satisfy reference by file (symbol)

/usr/local/Cellar/arm-gcc-bin/9-2019-q4-major/bin/../lib/gcc/arm-none-eabi/9.2.1/thumb/v6-m/nofp/libgcc.a(_dvmd_tls.o)
                              hello_world/usb/CMakeFiles/hello_usb.dir/Users/mherbert/pico-sdk/src/rp2_common/pico_divider/divider.S.obj (__aeabi_idiv0)
/usr/local/Cellar/arm-gcc-bin/9-2019-q4-major/bin/../lib/gcc/arm-none-eabi/9.2.1/../../../../arm-none-eabi/lib/thumb/v6-m/nofp/libg.a(lib_a-calloc.o)
                              hello_world/usb/CMakeFiles/hello_usb.dir/Users/mherbert/pico-sdk/src/rp2_common/pico_malloc/pico_malloc.c.obj (calloc)
/usr/local/Cellar/arm-gcc-bin/9-2019-q4-major/bin/../lib/gcc/arm-none-eabi/9.2.1/../../../../arm-none-eabi/lib/thumb/v6-m/nofp/libg.a(lib_a-callocr.o)
                              /usr/local/Cellar/arm-gcc-bin/9-2019-q4-major/bin/../lib/gcc/arm-none-eabi/9.2.1/../../../../arm-none-eabi/lib/thumb/v6-m/nofp/libg.a(lib_a-calloc.o) (_calloc_r)
/usr/local/Cellar/arm-gcc-bin/9-2019-q4-major/bin/../lib/gcc/arm-none-eabi/9.2.1/../../../../arm-none-eabi/lib/thumb/v6-m/nofp/libg.a(lib_a-impure.o)
                              /usr/local/Cellar/arm-gcc-bin/9-2019-q4-major/bin/../lib/gcc/arm-none-eabi/9.2.1/../../../../arm-none-eabi/lib/thumb/v6-m/nofp/libg.a(lib_a-calloc.o) (_impure_ptr)
/usr/local/Cellar/arm-gcc-bin/9-2019-q4-major/bin/../lib/gcc/arm-none-eabi/9.2.1/../../../../arm-none-eabi/lib/thumb/v6-m/nofp/libg.a(lib_a-init.o)
                              /usr/local/Cellar/arm-gcc-bin/9-2019-q4-major/bin/../lib/gcc/arm-none-eabi/9.2.1/../../../../arm-none-eabi/lib/thumb/v6-m/nofp/crt0.o (__libc_init_array)
/usr/local/Cellar/arm-gcc-bin/9-2019-q4-major/bin/../lib/gcc/arm-none-eabi/9.2.1/../../../../arm-none-eabi/lib/thumb/v6-m/nofp/libg.a(lib_a-malloc.o)
                              hello_world/usb/CMakeFiles/hello_usb.dir/Users/mherbert/pico-sdk/src/rp2_common/pico_malloc/pico_malloc.c.obj (malloc)
/usr/local/Cellar/arm-gcc-bin/9-2019-q4-major/bin/../lib/gcc/arm-none-eabi/9.2.1/../../../../arm-none-eabi/lib/thumb/v6-m/nofp/libg.a(lib_a-mallocr.o)
                              /usr/local/Cellar/arm-gcc-bin/9-2019-q4-major/bin/../lib/gcc/arm-none-eabi/9.2.1/../../../../arm-none-eabi/lib/thumb/v6-m/nofp/libg.a(lib_a-callocr.o) (_malloc_r)
/usr/local/Cellar/arm-gcc-bin/9-2019-q4-major/bin/../lib/gcc/arm-none-eabi/9.2.1/../../../../arm-none-eabi/lib/thumb/v6-m/nofp/libg.a(lib_a-mlock.o)
                              /usr/local/Cellar/arm-gcc-bin/9-2019-q4-major/bin/../lib/gcc/arm-none-eabi/9.2.1/../../../../arm-none-eabi/lib/thumb/v6-m/nofp/libg.a(lib_a-mallocr.o) (__malloc_lock)
/usr/local/Cellar/arm-gcc-bin/9-2019-q4-major/bin/../lib/gcc/arm-none-eabi/9.2.1/../../../../arm-none-eabi/lib/thumb/v6-m/nofp/libg.a(lib_a-realloc.o)
                              hello_world/usb/CMakeFiles/hello_usb.dir/Users/mherbert/pico-sdk/src/rp2_common/pico_malloc/pico_malloc.c.obj (realloc)
/usr/local/Cellar/arm-gcc-bin/9-2019-q4-major/bin/../lib/gcc/arm-none-eabi/9.2.1/../../../../arm-none-eabi/lib/thumb/v6-m/nofp/libg.a(lib_a-reallocr.o)
                              /usr/local/Cellar/arm-gcc-bin/9-2019-q4-major/bin/../lib/gcc/arm-none-eabi/9.2.1/../../../../arm-none-eabi/lib/thumb/v6-m/nofp/libg.a(lib_a-realloc.o) (_realloc_r)
/usr/local/Cellar/arm-gcc-bin/9-2019-q4-major/bin/../lib/gcc/arm-none-eabi/9.2.1/../../../../arm-none-eabi/lib/thumb/v6-m/nofp/libg.a(lib_a-sbrkr.o)
                              /usr/local/Cellar/arm-gcc-bin/9-2019-q4-major/bin/../lib/gcc/arm-none-eabi/9.2.1/../../../../arm-none-eabi/lib/thumb/v6-m/nofp/libg.a(lib_a-mallocr.o) (_sbrk_r)
/usr/local/Cellar/arm-gcc-bin/9-2019-q4-major/bin/../lib/gcc/arm-none-eabi/9.2.1/../../../../arm-none-eabi/lib/thumb/v6-m/nofp/libg.a(lib_a-strlen-stub.o)
                              hello_world/usb/CMakeFiles/hello_usb.dir/Users/mherbert/pico-sdk/src/rp2_common/pico_stdio/stdio.c.obj (strlen)
/usr/local/Cellar/arm-gcc-bin/9-2019-q4-major/bin/../lib/gcc/arm-none-eabi/9.2.1/../../../../arm-none-eabi/lib/thumb/v6-m/nofp/libg.a(lib_a-freer.o)
                              /usr/local/Cellar/arm-gcc-bin/9-2019-q4-major/bin/../lib/gcc/arm-none-eabi/9.2.1/../../../../arm-none-eabi/lib/thumb/v6-m/nofp/libg.a(lib_a-malloc.o) (_free_r)
/usr/local/Cellar/arm-gcc-bin/9-2019-q4-major/bin/../lib/gcc/arm-none-eabi/9.2.1/../../../../arm-none-eabi/lib/thumb/v6-m/nofp/libg.a(lib_a-lock.o)
                              /usr/local/Cellar/arm-gcc-bin/9-2019-q4-major/bin/../lib/gcc/arm-none-eabi/9.2.1/../../../../arm-none-eabi/lib/thumb/v6-m/nofp/libg.a(lib_a-mlock.o) (__retarget_lock_acquire_recursive)
/usr/local/Cellar/arm-gcc-bin/9-2019-q4-major/bin/../lib/gcc/arm-none-eabi/9.2.1/../../../../arm-none-eabi/lib/thumb/v6-m/nofp/libg.a(lib_a-memmove.o)
                              /usr/local/Cellar/arm-gcc-bin/9-2019-q4-major/bin/../lib/gcc/arm-none-eabi/9.2.1/../../../../arm-none-eabi/lib/thumb/v6-m/nofp/libg.a(lib_a-reallocr.o) (memmove)
[...]
Memory Configuration

Name             Origin             Length             Attributes
FLASH            0x0000000010000000 0x0000000000200000 xr
RAM              0x0000000020000000 0x0000000000040000 xrw
SCRATCH_X        0x0000000020040000 0x0000000000001000 xrw
SCRATCH_Y        0x0000000020041000 0x0000000000001000 xrw
*default*        0x0000000000000000 0xffffffffffffffff

Linker script and memory map

LOAD /usr/local/Cellar/arm-gcc-bin/9-2019-q4-major/bin/../lib/gcc/arm-none-eabi/9.2.1/thumb/v6-m/nofp/crti.o
LOAD /usr/local/Cellar/arm-gcc-bin/9-2019-q4-major/bin/../lib/gcc/arm-none-eabi/9.2.1/thumb/v6-m/nofp/crtbegin.o
LOAD /usr/local/Cellar/arm-gcc-bin/9-2019-q4-major/bin/../lib/gcc/arm-none-eabi/9.2.1/../../../../arm-none-eabi/lib/thumb/v6-m/nofp/crt0.o

.flash_begin    0x0000000010000000        0x0
                0x0000000010000000                __flash_binary_start = .

.boot2          0x0000000010000000      0x100
                0x0000000010000000                __boot2_start__ = .
 *(.boot2)
 .boot2         0x0000000010000000      0x100 /var/folders/c8/_g6z8j1s25lgqjtslz27gpjh0000gn/T//cc3Yuje7.o
                0x0000000010000100                __boot2_end__ = .
                0x0000000000000001                ASSERT (((__boot2_end__ - __boot2_start__) == 0x100), ERROR: Pico second stage bootloader must be 256 bytes in size)

.text           0x0000000010000100     0x70f8
                0x0000000010000100                __logical_binary_start = .
 *(.vectors)
 .vectors       0x0000000010000100       0xd4 hello_world/usb/CMakeFiles/hello_usb.dir/Users/mherbert/pico-sdk/src/rp2_common/pico_standard_link/crt0.S.obj
                0x0000000010000100                __VECTOR_TABLE
                0x0000000010000100                __vectors
                0x00000000100001c0                __default_isrs_start
                0x00000000100001c0                isr_invalid
                0x00000000100001c2                isr_nmi
                0x00000000100001c4                isr_hardfault
                0x00000000100001c6                isr_svcall
                0x00000000100001c8                isr_pendsv
                0x00000000100001ca                isr_systick
                0x00000000100001cc                isr_irq28
                0x00000000100001cc                isr_irq19
                0x00000000100001cc                isr_irq0
                0x00000000100001cc                isr_irq6
                0x00000000100001cc                isr_irq22
                0x00000000100001cc                isr_irq17
                0x00000000100001cc                isr_irq14
                0x00000000100001cc                isr_irq2
                0x00000000100001cc                isr_irq10
                0x00000000100001cc                isr_irq8
                0x00000000100001cc                isr_irq24
                0x00000000100001cc                isr_irq1
                0x00000000100001cc                isr_irq7
                0x00000000100001cc                isr_irq21
                0x00000000100001cc                isr_irq20
                0x00000000100001cc                isr_irq15
                0x00000000100001cc                isr_irq25
                0x00000000100001cc                isr_irq4
                0x00000000100001cc                isr_irq16
                0x00000000100001cc                isr_irq29
                0x00000000100001cc                isr_irq26
                0x00000000100001cc                __default_isrs_end
                0x00000000100001cc                isr_irq3
                0x00000000100001cc                isr_irq9
                0x00000000100001cc                __unhandled_user_irq
                0x00000000100001cc                isr_irq13
                0x00000000100001cc                isr_irq27
                0x00000000100001cc                isr_irq31
                0x00000000100001cc                isr_irq5
                0x00000000100001cc                isr_irq11
                0x00000000100001cc                isr_irq23
                0x00000000100001cc                isr_irq18
                0x00000000100001cc                isr_irq30
                0x00000000100001cc                isr_irq12
                0x00000000100001d2                unhandled_user_irq_num_in_r0
 *(.binary_info_header)
 .binary_info_header
                0x00000000100001d4       0x14 hello_world/usb/CMakeFiles/hello_usb.dir/Users/mherbert/pico-sdk/src/rp2_common/pico_standard_link/crt0.S.obj
                0x00000000100001e8                __binary_info_header_end = .
 *(.reset)
 .reset         0x00000000100001e8       0xa0 hello_world/usb/CMakeFiles/hello_usb.dir/Users/mherbert/pico-sdk/src/rp2_common/pico_standard_link/crt0.S.obj
                0x00000000100001e8                _entry_point
 .reset         0x0000000010000288       0x30 hello_world/usb/CMakeFiles/hello_usb.dir/Users/mherbert/pico-sdk/src/rp2_common/pico_standard_link/binary_info.c.obj
 *(.init)
 .init          0x00000000100002b8        0x4 /usr/local/Cellar/arm-gcc-bin/9-2019-q4-major/bin/../lib/gcc/arm-none-eabi/9.2.1/thumb/v6-m/nofp/crti.o
                0x00000000100002b8                _init
 *(EXCLUDE_FILE(*libm.a: *libc.a:*lib_a-mem*.o *libgcc.a:) .text*)
 .text          0x00000000100002bc       0x48 /usr/local/Cellar/arm-gcc-bin/9-2019-q4-major/bin/../lib/gcc/arm-none-eabi/9.2.1/thumb/v6-m/nofp/crtbegin.o
 .text.main     0x0000000010000304       0x6c hello_world/usb/CMakeFiles/hello_usb.dir/hello_usb.c.obj
                0x0000000010000304                main
 .text.ltr303_init
                0x0000000010000370       0x38 hello_world/usb/CMakeFiles/hello_usb.dir/ltr303.c.obj
                0x0000000010000370                ltr303_init
 .text.ltr303_read_ambient_light
                0x00000000100003a8       0x56 hello_world/usb/CMakeFiles/hello_usb.dir/ltr303.c.obj
                0x00000000100003a8                ltr303_read_ambient_light
 *fill*         0x00000000100003fe        0x2 
 .text.gpio_set_function
                0x0000000010000400       0x30 hello_world/usb/CMakeFiles/hello_usb.dir/Users/mherbert/pico-sdk/src/rp2_common/hardware_gpio/gpio.c.obj
                0x0000000010000400                gpio_set_function
 .text.gpio_set_pulls
                0x0000000010000430       0x34 hello_world/usb/CMakeFiles/hello_usb.dir/Users/mherbert/pico-sdk/src/rp2_common/hardware_gpio/gpio.c.obj
                0x0000000010000430                gpio_set_pulls
 .text.running_on_fpga
                0x0000000010000464       0x14 hello_world/usb/CMakeFiles/hello_usb.dir/Users/mherbert/pico-sdk/src/rp2_common/pico_platform/platform.c.obj
                0x0000000010000464                running_on_fpga
 .text.hw_claim_lock
                0x0000000010000478       0x18 hello_world/usb/CMakeFiles/hello_usb.dir/Users/mherbert/pico-sdk/src/rp2_common/hardware_claim/claim.c.obj
                0x0000000010000478                hw_claim_lock
 .text.hw_claim_unlock
                0x0000000010000490       0x14 hello_world/usb/CMakeFiles/hello_usb.dir/Users/mherbert/pico-sdk/src/rp2_common/hardware_claim/claim.c.obj
                0x0000000010000490                hw_claim_unlock
 .text.hw_claim_or_assert
                0x00000000100004a4       0x32 hello_world/usb/CMakeFiles/hello_usb.dir/Users/mherbert/pico-sdk/src/rp2_common/hardware_claim/claim.c.obj
                0x00000000100004a4                hw_claim_or_assert
 .text.hw_claim_unused_from_range
                0x00000000100004d6       0x50 hello_world/usb/CMakeFiles/hello_usb.dir/Users/mherbert/pico-sdk/src/rp2_common/hardware_claim/claim.c.obj
                0x00000000100004d6                hw_claim_unused_from_range
 *fill*         0x0000000010000526        0x2 
 .text.spin_locks_reset
                0x0000000010000528       0x20 hello_world/usb/CMakeFiles/hello_usb.dir/Users/mherbert/pico-sdk/src/rp2_common/hardware_sync/sync.c.obj
                0x0000000010000528                spin_locks_reset
 .text.next_striped_spin_lock_num
                0x0000000010000548       0x1c hello_world/usb/CMakeFiles/hello_usb.dir/Users/mherbert/pico-sdk/src/rp2_common/hardware_sync/sync.c.obj
                0x0000000010000548                next_striped_spin_lock_num
 .text.spin_lock_claim_unused
                0x0000000010000564       0x20 hello_world/usb/CMakeFiles/hello_usb.dir/Users/mherbert/pico-sdk/src/rp2_common/hardware_sync/sync.c.obj
                0x0000000010000564                spin_lock_claim_unused
 .text.set_raw_irq_handler_and_unlock
                0x0000000010000584       0x28 hello_world/usb/CMakeFiles/hello_usb.dir/Users/mherbert/pico-sdk/src/rp2_common/hardware_irq/irq.c.obj
 .text.make_branch
                0x00000000100005ac       0x48 hello_world/usb/CMakeFiles/hello_usb.dir/Users/mherbert/pico-sdk/src/rp2_common/hardware_irq/irq.c.obj
 .text.insert_branch_and_link
                0x00000000100005f4       0x40 hello_world/usb/CMakeFiles/hello_usb.dir/Users/mherbert/pico-sdk/src/rp2_common/hardware_irq/irq.c.obj
 .text.irq_is_enabled
                0x0000000010000634       0x18 hello_world/usb/CMakeFiles/hello_usb.dir/Users/mherbert/pico-sdk/src/rp2_common/hardware_irq/irq.c.obj
                0x0000000010000634                irq_is_enabled
 .text.irq_set_mask_enabled
                0x000000001000064c       0x20 hello_world/usb/CMakeFiles/hello_usb.dir/Users/mherbert/pico-sdk/src/rp2_common/hardware_irq/irq.c.obj
                0x000000001000064c                irq_set_mask_enabled
 .text.irq_set_enabled
                0x000000001000066c        0xe hello_world/usb/CMakeFiles/hello_usb.dir/Users/mherbert/pico-sdk/src/rp2_common/hardware_irq/irq.c.obj
                0x000000001000066c                irq_set_enabled
 *fill*         0x000000001000067a        0x2 
 .text.irq_set_pending
                0x000000001000067c       0x10 hello_world/usb/CMakeFiles/hello_usb.dir/Users/mherbert/pico-sdk/src/rp2_common/hardware_irq/irq.c.obj
                0x000000001000067c                irq_set_pending
 .text.irq_get_vtable_handler
                0x000000001000068c       0x10 hello_world/usb/CMakeFiles/hello_usb.dir/Users/mherbert/pico-sdk/src/rp2_common/hardware_irq/irq.c.obj
                0x000000001000068c                irq_get_vtable_handler
 .text.irq_has_shared_handler
                0x000000001000069c       0x24 hello_world/usb/CMakeFiles/hello_usb.dir/Users/mherbert/pico-sdk/src/rp2_common/hardware_irq/irq.c.obj
                0x000000001000069c                irq_has_shared_handler
 .text.irq_set_exclusive_handler
                0x00000000100006c0       0x54 hello_world/usb/CMakeFiles/hello_usb.dir/Users/mherbert/pico-sdk/src/rp2_common/hardware_irq/irq.c.obj
                0x00000000100006c0                irq_set_exclusive_handler
 .text.irq_add_shared_handler
                0x0000000010000714      0x234 hello_world/usb/CMakeFiles/hello_usb.dir/Users/mherbert/pico-sdk/src/rp2_common/hardware_irq/irq.c.obj
                0x0000000010000714                irq_add_shared_handler
 .text.irq_remove_handler
                0x0000000010000948      0x1ac hello_world/usb/CMakeFiles/hello_usb.dir/Users/mherbert/pico-sdk/src/rp2_common/hardware_irq/irq.c.obj
                0x0000000010000948                irq_remove_handler
 .text.irq_add_tail_to_free_list
                0x0000000010000af4       0xf0 hello_world/usb/CMakeFiles/hello_usb.dir/Users/mherbert/pico-sdk/src/rp2_common/hardware_irq/irq.c.obj
                0x0000000010000af4                irq_add_tail_to_free_list
 .text.irq_init_priorities
                0x0000000010000be4       0x1c hello_world/usb/CMakeFiles/hello_usb.dir/Users/mherbert/pico-sdk/src/rp2_common/hardware_irq/irq.c.obj
                0x0000000010000be4                irq_init_priorities
 .text.user_irq_claim_unused
                0x0000000010000c00       0x28 hello_world/usb/CMakeFiles/hello_usb.dir/Users/mherbert/pico-sdk/src/rp2_common/hardware_irq/irq.c.obj
                0x0000000010000c00                user_irq_claim_unused
 .text.lock_init
                0x0000000010000c28       0x10 hello_world/usb/CMakeFiles/hello_usb.dir/Users/mherbert/pico-sdk/src/common/pico_sync/lock_core.c.obj
                0x0000000010000c28                lock_init
 .text.mutex_init
                0x0000000010000c38       0x1a hello_world/usb/CMakeFiles/hello_usb.dir/Users/mherbert/pico-sdk/src/common/pico_sync/mutex.c.obj
                0x0000000010000c38                mutex_init
 .text.recursive_mutex_init
                0x0000000010000c52       0x1e hello_world/usb/CMakeFiles/hello_usb.dir/Users/mherbert/pico-sdk/src/common/pico_sync/mutex.c.obj
                0x0000000010000c52                recursive_mutex_init
 .text.critical_section_init_with_lock_num
                0x0000000010000c70       0x14 hello_world/usb/CMakeFiles/hello_usb.dir/Users/mherbert/pico-sdk/src/common/pico_sync/critical_section.c.obj
                0x0000000010000c70                critical_section_init_with_lock_num
 .text.critical_section_init
                0x0000000010000c84       0x14 hello_world/usb/CMakeFiles/hello_usb.dir/Users/mherbert/pico-sdk/src/common/pico_sync/critical_section.c.obj
                0x0000000010000c84                critical_section_init
 .text.alarm_pool_post_alloc_init
                0x0000000010000c98       0x40 hello_world/usb/CMakeFiles/hello_usb.dir/Users/mherbert/pico-sdk/src/common/pico_time/time.c.obj
 .text.sleep_until_callback
                0x0000000010000cd8       0x30 hello_world/usb/CMakeFiles/hello_usb.dir/Users/mherbert/pico-sdk/src/common/pico_time/time.c.obj
 .text.timer_pool_entry_comparator
                0x0000000010000d08       0x7c hello_world/usb/CMakeFiles/hello_usb.dir/Users/mherbert/pico-sdk/src/common/pico_time/time.c.obj
                0x0000000010000d08                timer_pool_entry_comparator
 .text.ph_add_child_node
                0x0000000010000d84       0xa4 hello_world/usb/CMakeFiles/hello_usb.dir/Users/mherbert/pico-sdk/src/common/pico_time/time.c.obj
 .text.ph_merge_nodes
                0x0000000010000e28       0x3e hello_world/usb/CMakeFiles/hello_usb.dir/Users/mherbert/pico-sdk/src/common/pico_time/time.c.obj
 *fill*         0x0000000010000e66        0x2 
 .text.add_alarm_under_lock
                0x0000000010000e68      0x174 hello_world/usb/CMakeFiles/hello_usb.dir/Users/mherbert/pico-sdk/src/common/pico_time/time.c.obj
 .text.alarm_pool_alarm_callback
                0x0000000010000fdc      0x33c hello_world/usb/CMakeFiles/hello_usb.dir/Users/mherbert/pico-sdk/src/common/pico_time/time.c.obj
 .text.alarm_pool_init_default
                0x0000000010001318       0x40 hello_world/usb/CMakeFiles/hello_usb.dir/Users/mherbert/pico-sdk/src/common/pico_time/time.c.obj
                0x0000000010001318                alarm_pool_init_default
 .text.alarm_pool_get_default
                0x0000000010001358       0x2c hello_world/usb/CMakeFiles/hello_usb.dir/Users/mherbert/pico-sdk/src/common/pico_time/time.c.obj
                0x0000000010001358                alarm_pool_get_default
 .text.alarm_pool_add_alarm_at
                0x0000000010001384      0x168 hello_world/usb/CMakeFiles/hello_usb.dir/Users/mherbert/pico-sdk/src/common/pico_time/time.c.obj
                0x0000000010001384                alarm_pool_add_alarm_at
 .text.alarm_pool_cancel_alarm
                0x00000000100014ec       0xf8 hello_world/usb/CMakeFiles/hello_usb.dir/Users/mherbert/pico-sdk/src/common/pico_time/time.c.obj
                0x00000000100014ec                alarm_pool_cancel_alarm
 .text.alarm_pool_core_num
                0x00000000100015e4        0x4 hello_world/usb/CMakeFiles/hello_usb.dir/Users/mherbert/pico-sdk/src/common/pico_time/time.c.obj
                0x00000000100015e4                alarm_pool_core_num
 .text.sleep_until
                0x00000000100015e8       0xfc hello_world/usb/CMakeFiles/hello_usb.dir/Users/mherbert/pico-sdk/src/common/pico_time/time.c.obj
                0x00000000100015e8                sleep_until
 .text.sleep_us
                0x00000000100016e4       0x58 hello_world/usb/CMakeFiles/hello_usb.dir/Users/mherbert/pico-sdk/src/common/pico_time/time.c.obj
                0x00000000100016e4                sleep_us
 .text.sleep_ms
                0x000000001000173c       0x14 hello_world/usb/CMakeFiles/hello_usb.dir/Users/mherbert/pico-sdk/src/common/pico_time/time.c.obj
                0x000000001000173c                sleep_ms
 .text.best_effort_wfe_or_timeout
                0x0000000010001750       0xac hello_world/usb/CMakeFiles/hello_usb.dir/Users/mherbert/pico-sdk/src/common/pico_time/time.c.obj
                0x0000000010001750                best_effort_wfe_or_timeout
 .text.hardware_alarm_irq_handler
                0x00000000100017fc       0x90 hello_world/usb/CMakeFiles/hello_usb.dir/Users/mherbert/pico-sdk/src/rp2_common/hardware_timer/timer.c.obj
 .text.hardware_alarm_claim
                0x000000001000188c       0x18 hello_world/usb/CMakeFiles/hello_usb.dir/Users/mherbert/pico-sdk/src/rp2_common/hardware_timer/timer.c.obj
                0x000000001000188c                hardware_alarm_claim
 .text.time_us_64
                0x00000000100018a4       0x18 hello_world/usb/CMakeFiles/hello_usb.dir/Users/mherbert/pico-sdk/src/rp2_common/hardware_timer/timer.c.obj
                0x00000000100018a4                time_us_64
 .text.busy_wait_until
                0x00000000100018bc       0x24 hello_world/usb/CMakeFiles/hello_usb.dir/Users/mherbert/pico-sdk/src/rp2_common/hardware_timer/timer.c.obj
                0x00000000100018bc                busy_wait_until
 .text.hardware_alarm_set_callback
                0x00000000100018e0       0x90 hello_world/usb/CMakeFiles/hello_usb.dir/Users/mherbert/pico-sdk/src/rp2_common/hardware_timer/timer.c.obj
                0x00000000100018e0                hardware_alarm_set_callback
 .text.hardware_alarm_set_target
                0x0000000010001970       0xe8 hello_world/usb/CMakeFiles/hello_usb.dir/Users/mherbert/pico-sdk/src/rp2_common/hardware_timer/timer.c.obj
                0x0000000010001970                hardware_alarm_set_target
 .text.hardware_alarm_cancel
                0x0000000010001a58       0x40 hello_world/usb/CMakeFiles/hello_usb.dir/Users/mherbert/pico-sdk/src/rp2_common/hardware_timer/timer.c.obj
                0x0000000010001a58                hardware_alarm_cancel
 .text.ph_add_child_node
                0x0000000010001a98       0xa4 hello_world/usb/CMakeFiles/hello_usb.dir/Users/mherbert/pico-sdk/src/common/pico_util/pheap.c.obj
 .text.ph_merge_nodes
                0x0000000010001b3c       0x3e hello_world/usb/CMakeFiles/hello_usb.dir/Users/mherbert/pico-sdk/src/common/pico_util/pheap.c.obj
 *fill*         0x0000000010001b7a        0x2 
 .text.ph_clear
                0x0000000010001b7c       0x70 hello_world/usb/CMakeFiles/hello_usb.dir/Users/mherbert/pico-sdk/src/common/pico_util/pheap.c.obj
                0x0000000010001b7c                ph_clear
 .text.ph_post_alloc_init
                0x0000000010001bec        0xe hello_world/usb/CMakeFiles/hello_usb.dir/Users/mherbert/pico-sdk/src/common/pico_util/pheap.c.obj
                0x0000000010001bec                ph_post_alloc_init
 *fill*         0x0000000010001bfa        0x2 
 .text.ph_merge_two_pass
                0x0000000010001bfc       0xa8 hello_world/usb/CMakeFiles/hello_usb.dir/Users/mherbert/pico-sdk/src/common/pico_util/pheap.c.obj
                0x0000000010001bfc                ph_merge_two_pass
 .text.ph_remove_any_head
                0x0000000010001ca4      0x128 hello_world/usb/CMakeFiles/hello_usb.dir/Users/mherbert/pico-sdk/src/common/pico_util/pheap.c.obj
 .text.ph_remove_head
                0x0000000010001dcc       0x14 hello_world/usb/CMakeFiles/hello_usb.dir/Users/mherbert/pico-sdk/src/common/pico_util/pheap.c.obj
                0x0000000010001dcc                ph_remove_head
 .text.ph_remove_and_free_node
                0x0000000010001de0       0xf8 hello_world/usb/CMakeFiles/hello_usb.dir/Users/mherbert/pico-sdk/src/common/pico_util/pheap.c.obj
                0x0000000010001de0                ph_remove_and_free_node
 .text.clock_configure
                0x0000000010001ed8      0x108 hello_world/usb/CMakeFiles/hello_usb.dir/Users/mherbert/pico-sdk/src/rp2_common/hardware_clocks/clocks.c.obj
                0x0000000010001ed8                clock_configure
 .text.clocks_init
                0x0000000010001fe0      0x100 hello_world/usb/CMakeFiles/hello_usb.dir/Users/mherbert/pico-sdk/src/rp2_common/hardware_clocks/clocks.c.obj
                0x0000000010001fe0                clocks_init
 .text.clock_get_hz
                0x00000000100020e0        0xc hello_world/usb/CMakeFiles/hello_usb.dir/Users/mherbert/pico-sdk/src/rp2_common/hardware_clocks/clocks.c.obj
                0x00000000100020e0                clock_get_hz
 .text.pll_init
                0x00000000100020ec      0x124 hello_world/usb/CMakeFiles/hello_usb.dir/Users/mherbert/pico-sdk/src/rp2_common/hardware_pll/pll.c.obj
                0x00000000100020ec                pll_init
 .text.watchdog_start_tick
                0x0000000010002210       0x10 hello_world/usb/CMakeFiles/hello_usb.dir/Users/mherbert/pico-sdk/src/rp2_common/hardware_watchdog/watchdog.c.obj
                0x0000000010002210                watchdog_start_tick
 .text.watchdog_update
                0x0000000010002220       0x14 hello_world/usb/CMakeFiles/hello_usb.dir/Users/mherbert/pico-sdk/src/rp2_common/hardware_watchdog/watchdog.c.obj
                0x0000000010002220                watchdog_update
 .text._watchdog_enable
                0x0000000010002234       0x78 hello_world/usb/CMakeFiles/hello_usb.dir/Users/mherbert/pico-sdk/src/rp2_common/hardware_watchdog/watchdog.c.obj
                0x0000000010002234                _watchdog_enable
 .text.watchdog_reboot
                0x00000000100022ac       0x48 hello_world/usb/CMakeFiles/hello_usb.dir/Users/mherbert/pico-sdk/src/rp2_common/hardware_watchdog/watchdog.c.obj
                0x00000000100022ac                watchdog_reboot
 .text.xosc_init
                0x00000000100022f4       0x28 hello_world/usb/CMakeFiles/hello_usb.dir/Users/mherbert/pico-sdk/src/rp2_common/hardware_xosc/xosc.c.obj
                0x00000000100022f4                xosc_init
 .text._exit    0x000000001000231c        0x4 hello_world/usb/CMakeFiles/hello_usb.dir/Users/mherbert/pico-sdk/src/rp2_common/pico_runtime/runtime.c.obj
                0x000000001000231c                _exit
 .text.exit     0x0000000010002320        0x6 hello_world/usb/CMakeFiles/hello_usb.dir/Users/mherbert/pico-sdk/src/rp2_common/pico_runtime/runtime.c.obj
                0x0000000010002320                exit
 *fill*         0x0000000010002326        0x2 
 .text.__assert_func
                0x0000000010002328       0x3c hello_world/usb/CMakeFiles/hello_usb.dir/Users/mherbert/pico-sdk/src/rp2_common/pico_runtime/runtime.c.obj
                0x0000000010002328                __assert_func
 .text.runtime_init
                0x0000000010002364       0xf8 hello_world/usb/CMakeFiles/hello_usb.dir/Users/mherbert/pico-sdk/src/rp2_common/pico_runtime/runtime.c.obj
                0x0000000010002364                runtime_init
 .text.panic    0x000000001000245c       0x30 hello_world/usb/CMakeFiles/hello_usb.dir/Users/mherbert/pico-sdk/src/rp2_common/pico_runtime/runtime.c.obj
                0x000000001000245c                panic
 .text._out_null
                0x000000001000248c        0x2 hello_world/usb/CMakeFiles/hello_usb.dir/Users/mherbert/pico-sdk/src/rp2_common/pico_printf/printf.c.obj
 .text._out_fct
                0x000000001000248e        0xe hello_world/usb/CMakeFiles/hello_usb.dir/Users/mherbert/pico-sdk/src/rp2_common/pico_printf/printf.c.obj
 .text._atoi    0x000000001000249c       0x24 hello_world/usb/CMakeFiles/hello_usb.dir/Users/mherbert/pico-sdk/src/rp2_common/pico_printf/printf.c.obj
 .text._out_rev
                0x00000000100024c0       0xae hello_world/usb/CMakeFiles/hello_usb.dir/Users/mherbert/pico-sdk/src/rp2_common/pico_printf/printf.c.obj
 .text._ntoa_format
                0x000000001000256e      0x110 hello_world/usb/CMakeFiles/hello_usb.dir/Users/mherbert/pico-sdk/src/rp2_common/pico_printf/printf.c.obj
 .text._ntoa_long
                0x000000001000267e       0xbc hello_world/usb/CMakeFiles/hello_usb.dir/Users/mherbert/pico-sdk/src/rp2_common/pico_printf/printf.c.obj
 .text._ntoa_long_long
                0x000000001000273a       0xe2 hello_world/usb/CMakeFiles/hello_usb.dir/Users/mherbert/pico-sdk/src/rp2_common/pico_printf/printf.c.obj
 .text._etoa    0x000000001000281c      0x40c hello_world/usb/CMakeFiles/hello_usb.dir/Users/mherbert/pico-sdk/src/rp2_common/pico_printf/printf.c.obj
 .text._ftoa    0x0000000010002c28      0x354 hello_world/usb/CMakeFiles/hello_usb.dir/Users/mherbert/pico-sdk/src/rp2_common/pico_printf/printf.c.obj
 .text._vsnprintf
                0x0000000010002f7c      0x628 hello_world/usb/CMakeFiles/hello_usb.dir/Users/mherbert/pico-sdk/src/rp2_common/pico_printf/printf.c.obj
 .text.vfctprintf
                0x00000000100035a4       0x20 hello_world/usb/CMakeFiles/hello_usb.dir/Users/mherbert/pico-sdk/src/rp2_common/pico_printf/printf.c.obj
                0x00000000100035a4                vfctprintf
 .text          0x00000000100035c4       0x10 hello_world/usb/CMakeFiles/hello_usb.dir/Users/mherbert/pico-sdk/src/rp2_common/pico_bit_ops/bit_ops_aeabi.S.obj
 .text.rom_func_lookup
                0x00000000100035d4       0x10 hello_world/usb/CMakeFiles/hello_usb.dir/Users/mherbert/pico-sdk/src/rp2_common/pico_bootrom/bootrom.c.obj
                0x00000000100035d4                rom_func_lookup
 .text.rom_data_lookup
                0x00000000100035e4       0x10 hello_world/usb/CMakeFiles/hello_usb.dir/Users/mherbert/pico-sdk/src/rp2_common/pico_bootrom/bootrom.c.obj
                0x00000000100035e4                rom_data_lookup
 .text.rom_funcs_lookup
                0x00000000100035f4       0x36 hello_world/usb/CMakeFiles/hello_usb.dir/Users/mherbert/pico-sdk/src/rp2_common/pico_bootrom/bootrom.c.obj
                0x00000000100035f4                rom_funcs_lookup
 *fill*         0x000000001000362a        0x2 
 .text.__wrap___aeabi_idiv
                0x000000001000362c       0x50 hello_world/usb/CMakeFiles/hello_usb.dir/Users/mherbert/pico-sdk/src/rp2_common/pico_divider/divider.S.obj
                0x000000001000362c                __wrap___aeabi_idivmod
                0x000000001000362c                divmod_s32s32
                0x000000001000362c                div_s32s32
                0x000000001000362c                __wrap___aeabi_idiv
                0x0000000010003634                divmod_s32s32_unsafe
                0x0000000010003660                divmod_s32s32_savestate
 .text.__wrap___aeabi_uidiv
                0x000000001000367c       0x4c hello_world/usb/CMakeFiles/hello_usb.dir/Users/mherbert/pico-sdk/src/rp2_common/pico_divider/divider.S.obj
                0x000000001000367c                __wrap___aeabi_uidiv
                0x000000001000367c                __wrap___aeabi_uidivmod
                0x000000001000367c                div_u32u32
                0x000000001000367c                divmod_u32u32
                0x0000000010003684                divmod_u32u32_unsafe
                0x00000000100036ac                divmod_u32u32_savestate
 .text.__wrap___aeabi_ldiv
                0x00000000100036c8      0x424 hello_world/usb/CMakeFiles/hello_usb.dir/Users/mherbert/pico-sdk/src/rp2_common/pico_divider/divider.S.obj
                0x00000000100036c8                __wrap___aeabi_ldivmod
                0x00000000100036c8                div_s64s64
                0x00000000100036c8                divmod_s64s64
                0x00000000100036f8                divmod_u64u64
                0x00000000100036f8                div_u64u64
                0x00000000100036f8                __wrap___aeabi_uldivmod
                0x0000000010003708                divmod_u64u64_savestate
                0x0000000010003728                divmod_s64s64_unsafe
                0x00000000100037b0                divmod_u64u64_unsafe
 .text.__wrap___aeabi_darithmetic
                0x0000000010003aec       0x80 hello_world/usb/CMakeFiles/hello_usb.dir/Users/mherbert/pico-sdk/src/rp2_common/pico_double/double_aeabi.S.obj
                0x0000000010003aec                __wrap___aeabi_drsub
                0x0000000010003af2                __wrap___aeabi_dsub
                0x0000000010003b04                __wrap___aeabi_dadd
                0x0000000010003b16                __wrap___aeabi_ddiv
                0x0000000010003b52                __wrap___aeabi_dmul
 .text.__wrap___aeabi_cdcmple
                0x0000000010003b6c       0x6c hello_world/usb/CMakeFiles/hello_usb.dir/Users/mherbert/pico-sdk/src/rp2_common/pico_double/double_aeabi.S.obj
                0x0000000010003b6c                __wrap___aeabi_cdrcmple
                0x0000000010003b7c                __wrap___aeabi_cdcmple
                0x0000000010003b7c                __wrap___aeabi_cdcmpeq
 .text.__wrap___aeabi_dcmplt
                0x0000000010003bd8        0xc hello_world/usb/CMakeFiles/hello_usb.dir/Users/mherbert/pico-sdk/src/rp2_common/pico_double/double_aeabi.S.obj
                0x0000000010003bd8                __wrap___aeabi_dcmplt
 .text.__wrap___aeabi_dcmple
                0x0000000010003be4       0x10 hello_world/usb/CMakeFiles/hello_usb.dir/Users/mherbert/pico-sdk/src/rp2_common/pico_double/double_aeabi.S.obj
                0x0000000010003be4                __wrap___aeabi_dcmple
 .text.__wrap___aeabi_dcmpge
                0x0000000010003bf4       0x10 hello_world/usb/CMakeFiles/hello_usb.dir/Users/mherbert/pico-sdk/src/rp2_common/pico_double/double_aeabi.S.obj
                0x0000000010003bf4                __wrap___aeabi_dcmpge
 .text.__wrap___aeabi_dcmpgt
                0x0000000010003c04        0xa hello_world/usb/CMakeFiles/hello_usb.dir/Users/mherbert/pico-sdk/src/rp2_common/pico_double/double_aeabi.S.obj
                0x0000000010003c04                __wrap___aeabi_dcmpgt
 .text.__wrap___aeabi_dcmpun
                0x0000000010003c0e       0x1c hello_world/usb/CMakeFiles/hello_usb.dir/Users/mherbert/pico-sdk/src/rp2_common/pico_double/double_aeabi.S.obj
                0x0000000010003c0e                __wrap___aeabi_dcmpun
 *fill*         0x0000000010003c2a        0x2 
 .text.__wrap___aeabi_i2d
                0x0000000010003c2c       0x38 hello_world/usb/CMakeFiles/hello_usb.dir/Users/mherbert/pico-sdk/src/rp2_common/pico_double/double_aeabi.S.obj
                0x0000000010003c2c                __wrap___aeabi_ui2d
                0x0000000010003c34                __wrap___aeabi_i2d
 .text.__wrap___aeabi_d2iz
                0x0000000010003c64       0x48 hello_world/usb/CMakeFiles/hello_usb.dir/Users/mherbert/pico-sdk/src/rp2_common/pico_double/double_aeabi.S.obj
                0x0000000010003c64                __wrap___aeabi_d2iz
                0x0000000010003c64                double2int_z
 .text.__wrap___aeabi_d2uiz
                0x0000000010003cac       0x18 hello_world/usb/CMakeFiles/hello_usb.dir/Users/mherbert/pico-sdk/src/rp2_common/pico_double/double_aeabi.S.obj
                0x0000000010003cac                double2uint
                0x0000000010003cac                __wrap___aeabi_d2uiz
 .text.__aeabi_double_init
                0x0000000010003cc4       0xc8 hello_world/usb/CMakeFiles/hello_usb.dir/Users/mherbert/pico-sdk/src/rp2_common/pico_double/double_init_rom.c.obj
                0x0000000010003cc4                __aeabi_double_init
 .text.double_table_shim_on_use_helper
                0x0000000010003d8c       0x34 hello_world/usb/CMakeFiles/hello_usb.dir/Users/mherbert/pico-sdk/src/rp2_common/pico_double/double_v1_rom_shim.S.obj
                0x0000000010003d8c                double_table_shim_on_use_helper
 .text.__wrap___aeabi_dsub
                0x0000000010003dc0       0x10 hello_world/usb/CMakeFiles/hello_usb.dir/Users/mherbert/pico-sdk/src/rp2_common/pico_double/double_v1_rom_shim.S.obj
                0x0000000010003dc0                drsub_shim
                0x0000000010003dc6                dsub_shim
 .text.dadd_shim
                0x0000000010003dd0      0x15c hello_world/usb/CMakeFiles/hello_usb.dir/Users/mherbert/pico-sdk/src/rp2_common/pico_double/double_v1_rom_shim.S.obj
                0x0000000010003dd0                dadd_shim
 .text.dmul_shim
                0x0000000010003f2c      0x15c hello_world/usb/CMakeFiles/hello_usb.dir/Users/mherbert/pico-sdk/src/rp2_common/pico_double/double_v1_rom_shim.S.obj
                0x0000000010003f2c                dmul_shim
 .text.ddiv_shim
                0x0000000010004088      0x1b0 hello_world/usb/CMakeFiles/hello_usb.dir/Users/mherbert/pico-sdk/src/rp2_common/pico_double/double_v1_rom_shim.S.obj
                0x0000000010004088                ddiv_shim
 .text.double2uint_shim
                0x0000000010004238        0xe hello_world/usb/CMakeFiles/hello_usb.dir/Users/mherbert/pico-sdk/src/rp2_common/pico_double/double_v1_rom_shim.S.obj
                0x0000000010004238                double2uint_shim
                0x000000001000423a                double2ufix_shim
 *fill*         0x0000000010004246        0x2 
 .text.double2uint64_shim
                0x0000000010004248       0x70 hello_world/usb/CMakeFiles/hello_usb.dir/Users/mherbert/pico-sdk/src/rp2_common/pico_double/double_v1_rom_shim.S.obj
                0x0000000010004248                double2uint64_shim
                0x000000001000424a                double2ufix64_shim
                0x000000001000426a                d2fix_a
 .text.dunpacks
                0x00000000100042b8       0x3c hello_world/usb/CMakeFiles/hello_usb.dir/Users/mherbert/pico-sdk/src/rp2_common/pico_double/double_v1_rom_shim.S.obj
                0x00000000100042b8                dunpacks
 .text.__aeabi_lmul
                0x00000000100042f4       0x32 hello_world/usb/CMakeFiles/hello_usb.dir/Users/mherbert/pico-sdk/src/rp2_common/pico_int64_ops/pico_int64_ops_aeabi.S.obj
                0x00000000100042f4                __wrap___aeabi_lmul
 *fill*         0x0000000010004326        0x2 
 .text.__aeabi_float_init
                0x0000000010004328       0xfc hello_world/usb/CMakeFiles/hello_usb.dir/Users/mherbert/pico-sdk/src/rp2_common/pico_float/float_init_rom.c.obj
                0x0000000010004328                __aeabi_float_init
 .text.float_table_shim_on_use_helper
                0x0000000010004424       0x34 hello_world/usb/CMakeFiles/hello_usb.dir/Users/mherbert/pico-sdk/src/rp2_common/pico_float/float_v1_rom_shim.S.obj
                0x0000000010004424                float_table_shim_on_use_helper
 .text          0x0000000010004458       0x10 hello_world/usb/CMakeFiles/hello_usb.dir/Users/mherbert/pico-sdk/src/rp2_common/pico_mem_ops/mem_ops_aeabi.S.obj
                0x0000000010004458                __aeabi_mem_init
 .text.memset   0x0000000010004468        0xc hello_world/usb/CMakeFiles/hello_usb.dir/Users/mherbert/pico-sdk/src/rp2_common/pico_mem_ops/mem_ops_aeabi.S.obj
                0x0000000010004468                __wrap_memset
 .text.memcpy   0x0000000010004474        0xc hello_world/usb/CMakeFiles/hello_usb.dir/Users/mherbert/pico-sdk/src/rp2_common/pico_mem_ops/mem_ops_aeabi.S.obj
                0x0000000010004474                __wrap___aeabi_memcpy
                0x0000000010004474                __wrap_memcpy
 .text.stdio_out_chars_no_crlf
                0x0000000010004480        0xe hello_world/usb/CMakeFiles/hello_usb.dir/Users/mherbert/pico-sdk/src/rp2_common/pico_stdio/stdio.c.obj
 *fill*         0x000000001000448e        0x2 
 .text.stdio_out_chars_crlf
                0x0000000010004490       0x80 hello_world/usb/CMakeFiles/hello_usb.dir/Users/mherbert/pico-sdk/src/rp2_common/pico_stdio/stdio.c.obj
 .text.stdio_stack_buffer_flush
                0x0000000010004510       0x44 hello_world/usb/CMakeFiles/hello_usb.dir/Users/mherbert/pico-sdk/src/rp2_common/pico_stdio/stdio.c.obj
 .text.stdio_buffered_printer
                0x0000000010004554       0x20 hello_world/usb/CMakeFiles/hello_usb.dir/Users/mherbert/pico-sdk/src/rp2_common/pico_stdio/stdio.c.obj
 .text.stdout_serialize_begin
                0x0000000010004574       0x5c hello_world/usb/CMakeFiles/hello_usb.dir/Users/mherbert/pico-sdk/src/rp2_common/pico_stdio/stdio.c.obj
                0x0000000010004574                stdout_serialize_begin
 .text.stdout_serialize_end
                0x00000000100045d0       0x10 hello_world/usb/CMakeFiles/hello_usb.dir/Users/mherbert/pico-sdk/src/rp2_common/pico_stdio/stdio.c.obj
                0x00000000100045d0                stdout_serialize_end
 .text.stdio_put_string
                0x00000000100045e0       0x98 hello_world/usb/CMakeFiles/hello_usb.dir/Users/mherbert/pico-sdk/src/rp2_common/pico_stdio/stdio.c.obj
 .text.stdio_set_driver_enabled
                0x0000000010004678       0x2c hello_world/usb/CMakeFiles/hello_usb.dir/Users/mherbert/pico-sdk/src/rp2_common/pico_stdio/stdio.c.obj
                0x0000000010004678                stdio_set_driver_enabled
 .text.stdio_flush
                0x00000000100046a4       0x20 hello_world/usb/CMakeFiles/hello_usb.dir/Users/mherbert/pico-sdk/src/rp2_common/pico_stdio/stdio.c.obj
                0x00000000100046a4                stdio_flush
 .text.__wrap_puts
                0x00000000100046c4       0x1e hello_world/usb/CMakeFiles/hello_usb.dir/Users/mherbert/pico-sdk/src/rp2_common/pico_stdio/stdio.c.obj
                0x00000000100046c4                __wrap_puts
 *fill*         0x00000000100046e2        0x2 
 .text.__wrap_vprintf
                0x00000000100046e4       0x40 hello_world/usb/CMakeFiles/hello_usb.dir/Users/mherbert/pico-sdk/src/rp2_common/pico_stdio/stdio.c.obj
                0x00000000100046e4                __wrap_vprintf
 .text.__wrap_printf
                0x0000000010004724       0x18 hello_world/usb/CMakeFiles/hello_usb.dir/Users/mherbert/pico-sdk/src/rp2_common/pico_stdio/stdio.c.obj
                0x0000000010004724                __wrap_printf
 .text.stdio_init_all
                0x000000001000473c        0x8 hello_world/usb/CMakeFiles/hello_usb.dir/Users/mherbert/pico-sdk/src/rp2_common/pico_stdio/stdio.c.obj
                0x000000001000473c                stdio_init_all
 .text.resetd_init
                0x0000000010004744        0x2 hello_world/usb/CMakeFiles/hello_usb.dir/Users/mherbert/pico-sdk/src/rp2_common/pico_stdio_usb/reset_interface.c.obj
 *fill*         0x0000000010004746        0x2 
 .text.resetd_reset
                0x0000000010004748        0xc hello_world/usb/CMakeFiles/hello_usb.dir/Users/mherbert/pico-sdk/src/rp2_common/pico_stdio_usb/reset_interface.c.obj
 .text.resetd_open
                0x0000000010004754       0x34 hello_world/usb/CMakeFiles/hello_usb.dir/Users/mherbert/pico-sdk/src/rp2_common/pico_stdio_usb/reset_interface.c.obj
 .text.resetd_xfer_cb
                0x0000000010004788        0x4 hello_world/usb/CMakeFiles/hello_usb.dir/Users/mherbert/pico-sdk/src/rp2_common/pico_stdio_usb/reset_interface.c.obj
 .text.resetd_control_xfer_cb
                0x000000001000478c       0x6c hello_world/usb/CMakeFiles/hello_usb.dir/Users/mherbert/pico-sdk/src/rp2_common/pico_stdio_usb/reset_interface.c.obj
 .text.usbd_app_driver_get_cb
                0x00000000100047f8        0xc hello_world/usb/CMakeFiles/hello_usb.dir/Users/mherbert/pico-sdk/src/rp2_common/pico_stdio_usb/reset_interface.c.obj
                0x00000000100047f8                usbd_app_driver_get_cb
 .text.tud_cdc_line_coding_cb
                0x0000000010004804       0x34 hello_world/usb/CMakeFiles/hello_usb.dir/Users/mherbert/pico-sdk/src/rp2_common/pico_stdio_usb/reset_interface.c.obj
                0x0000000010004804                tud_cdc_line_coding_cb
 .text.stdio_usb_set_chars_available_callback
                0x0000000010004838       0x14 hello_world/usb/CMakeFiles/hello_usb.dir/Users/mherbert/pico-sdk/src/rp2_common/pico_stdio_usb/stdio_usb.c.obj
                0x0000000010004838                stdio_usb_set_chars_available_callback
 .text.usb_irq  0x000000001000484c       0x10 hello_world/usb/CMakeFiles/hello_usb.dir/Users/mherbert/pico-sdk/src/rp2_common/pico_stdio_usb/stdio_usb.c.obj
 .text.timer_task
                0x000000001000485c       0x58 hello_world/usb/CMakeFiles/hello_usb.dir/Users/mherbert/pico-sdk/src/rp2_common/pico_stdio_usb/stdio_usb.c.obj
 .text.low_priority_worker_irq
                0x00000000100048b4       0xd8 hello_world/usb/CMakeFiles/hello_usb.dir/Users/mherbert/pico-sdk/src/rp2_common/pico_stdio_usb/stdio_usb.c.obj
 .text.tud_cdc_rx_cb
                0x000000001000498c       0x20 hello_world/usb/CMakeFiles/hello_usb.dir/Users/mherbert/pico-sdk/src/rp2_common/pico_stdio_usb/stdio_usb.c.obj
                0x000000001000498c                tud_cdc_rx_cb
 .text.stdio_usb_init
                0x00000000100049ac      0x11c hello_world/usb/CMakeFiles/hello_usb.dir/Users/mherbert/pico-sdk/src/rp2_common/pico_stdio_usb/stdio_usb.c.obj
                0x00000000100049ac                stdio_usb_init
 .text.stdio_usb_connected
                0x0000000010004ac8        0xa hello_world/usb/CMakeFiles/hello_usb.dir/Users/mherbert/pico-sdk/src/rp2_common/pico_stdio_usb/stdio_usb.c.obj
                0x0000000010004ac8                stdio_usb_connected
 *fill*         0x0000000010004ad2        0x2 
 .text.stdio_usb_in_chars
                0x0000000010004ad4       0xc4 hello_world/usb/CMakeFiles/hello_usb.dir/Users/mherbert/pico-sdk/src/rp2_common/pico_stdio_usb/stdio_usb.c.obj
                0x0000000010004ad4                stdio_usb_in_chars
 .text.stdio_usb_out_chars
                0x0000000010004b98      0x114 hello_world/usb/CMakeFiles/hello_usb.dir/Users/mherbert/pico-sdk/src/rp2_common/pico_stdio_usb/stdio_usb.c.obj
 .text.tud_descriptor_device_cb
                0x0000000010004cac        0x8 hello_world/usb/CMakeFiles/hello_usb.dir/Users/mherbert/pico-sdk/src/rp2_common/pico_stdio_usb/stdio_usb_descriptors.c.obj
                0x0000000010004cac                tud_descriptor_device_cb
 .text.tud_descriptor_configuration_cb
                0x0000000010004cb4        0x8 hello_world/usb/CMakeFiles/hello_usb.dir/Users/mherbert/pico-sdk/src/rp2_common/pico_stdio_usb/stdio_usb_descriptors.c.obj
                0x0000000010004cb4                tud_descriptor_configuration_cb
 .text.tud_descriptor_string_cb
                0x0000000010004cbc       0x6c hello_world/usb/CMakeFiles/hello_usb.dir/Users/mherbert/pico-sdk/src/rp2_common/pico_stdio_usb/stdio_usb_descriptors.c.obj
                0x0000000010004cbc                tud_descriptor_string_cb
 .text._retrieve_unique_id_on_boot
                0x0000000010004d28       0x10 hello_world/usb/CMakeFiles/hello_usb.dir/Users/mherbert/pico-sdk/src/rp2_common/pico_unique_id/unique_id.c.obj
 .text.pico_get_unique_board_id_string
                0x0000000010004d38       0x60 hello_world/usb/CMakeFiles/hello_usb.dir/Users/mherbert/pico-sdk/src/rp2_common/pico_unique_id/unique_id.c.obj
                0x0000000010004d38                pico_get_unique_board_id_string
 .text.flash_get_unique_id
                0x0000000010004d98       0x46 hello_world/usb/CMakeFiles/hello_usb.dir/Users/mherbert/pico-sdk/src/rp2_common/hardware_flash/flash.c.obj
                0x0000000010004d98                flash_get_unique_id
 *fill*         0x0000000010004dde        0x2 
 .text.hw_endpoint_get_by_addr
                0x0000000010004de0       0x18 hello_world/usb/CMakeFiles/hello_usb.dir/Users/mherbert/pico-sdk/lib/tinyusb/src/portable/raspberrypi/rp2040/dcd_rp2040.c.obj
 .text._hw_endpoint_alloc
                0x0000000010004df8       0x70 hello_world/usb/CMakeFiles/hello_usb.dir/Users/mherbert/pico-sdk/lib/tinyusb/src/portable/raspberrypi/rp2040/dcd_rp2040.c.obj
 .text.hw_endpoint_init
                0x0000000010004e68       0x88 hello_world/usb/CMakeFiles/hello_usb.dir/Users/mherbert/pico-sdk/lib/tinyusb/src/portable/raspberrypi/rp2040/dcd_rp2040.c.obj
 .text.hw_endpoint_xfer
                0x0000000010004ef0       0x14 hello_world/usb/CMakeFiles/hello_usb.dir/Users/mherbert/pico-sdk/lib/tinyusb/src/portable/raspberrypi/rp2040/dcd_rp2040.c.obj
 .text.dcd_int_enable
                0x0000000010004f04       0x2c hello_world/usb/CMakeFiles/hello_usb.dir/Users/mherbert/pico-sdk/lib/tinyusb/src/portable/raspberrypi/rp2040/dcd_rp2040.c.obj
                0x0000000010004f04                dcd_int_enable
 .text.dcd_set_address
                0x0000000010004f30       0x2c hello_world/usb/CMakeFiles/hello_usb.dir/Users/mherbert/pico-sdk/lib/tinyusb/src/portable/raspberrypi/rp2040/dcd_rp2040.c.obj
                0x0000000010004f30                dcd_set_address
 .text.dcd_connect
                0x0000000010004f5c       0x10 hello_world/usb/CMakeFiles/hello_usb.dir/Users/mherbert/pico-sdk/lib/tinyusb/src/portable/raspberrypi/rp2040/dcd_rp2040.c.obj
                0x0000000010004f5c                dcd_connect
 .text.dcd_init
                0x0000000010004f6c       0x80 hello_world/usb/CMakeFiles/hello_usb.dir/Users/mherbert/pico-sdk/lib/tinyusb/src/portable/raspberrypi/rp2040/dcd_rp2040.c.obj
                0x0000000010004f6c                dcd_init
 .text.dcd_edpt0_status_complete
                0x0000000010004fec       0x1c hello_world/usb/CMakeFiles/hello_usb.dir/Users/mherbert/pico-sdk/lib/tinyusb/src/portable/raspberrypi/rp2040/dcd_rp2040.c.obj
                0x0000000010004fec                dcd_edpt0_status_complete
 .text.dcd_edpt_open
                0x0000000010005008       0x40 hello_world/usb/CMakeFiles/hello_usb.dir/Users/mherbert/pico-sdk/lib/tinyusb/src/portable/raspberrypi/rp2040/dcd_rp2040.c.obj
                0x0000000010005008                dcd_edpt_open
 .text.dcd_edpt_close_all
                0x0000000010005048        0x8 hello_world/usb/CMakeFiles/hello_usb.dir/Users/mherbert/pico-sdk/lib/tinyusb/src/portable/raspberrypi/rp2040/dcd_rp2040.c.obj
                0x0000000010005048                dcd_edpt_close_all
 .text.dcd_edpt_xfer
                0x0000000010005050       0x34 hello_world/usb/CMakeFiles/hello_usb.dir/Users/mherbert/pico-sdk/lib/tinyusb/src/portable/raspberrypi/rp2040/dcd_rp2040.c.obj
                0x0000000010005050                dcd_edpt_xfer
 .text.dcd_edpt_stall
                0x0000000010005084       0x2c hello_world/usb/CMakeFiles/hello_usb.dir/Users/mherbert/pico-sdk/lib/tinyusb/src/portable/raspberrypi/rp2040/dcd_rp2040.c.obj
                0x0000000010005084                dcd_edpt_stall
 .text.dcd_edpt_clear_stall
                0x00000000100050b0       0x20 hello_world/usb/CMakeFiles/hello_usb.dir/Users/mherbert/pico-sdk/lib/tinyusb/src/portable/raspberrypi/rp2040/dcd_rp2040.c.obj
                0x00000000100050b0                dcd_edpt_clear_stall
 .text.rp2040_usb_init
                0x00000000100050d0       0x4c hello_world/usb/CMakeFiles/hello_usb.dir/Users/mherbert/pico-sdk/lib/tinyusb/src/portable/raspberrypi/rp2040/rp2040_usb.c.obj
                0x00000000100050d0                rp2040_usb_init
 .text.hw_endpoint_xfer_start
                0x000000001000511c       0x50 hello_world/usb/CMakeFiles/hello_usb.dir/Users/mherbert/pico-sdk/lib/tinyusb/src/portable/raspberrypi/rp2040/rp2040_usb.c.obj
                0x000000001000511c                hw_endpoint_xfer_start
 .text.configuration_reset
                0x000000001000516c       0x84 hello_world/usb/CMakeFiles/hello_usb.dir/Users/mherbert/pico-sdk/lib/tinyusb/src/device/usbd.c.obj
 .text.usbd_reset
                0x00000000100051f0        0xc hello_world/usb/CMakeFiles/hello_usb.dir/Users/mherbert/pico-sdk/lib/tinyusb/src/device/usbd.c.obj
 .text.invoke_class_control
                0x00000000100051fc       0x1a hello_world/usb/CMakeFiles/hello_usb.dir/Users/mherbert/pico-sdk/lib/tinyusb/src/device/usbd.c.obj
 *fill*         0x0000000010005216        0x2 
 .text.process_set_config
                0x0000000010005218      0x174 hello_world/usb/CMakeFiles/hello_usb.dir/Users/mherbert/pico-sdk/lib/tinyusb/src/device/usbd.c.obj
 .text.process_get_descriptor
                0x000000001000538c       0xdc hello_world/usb/CMakeFiles/hello_usb.dir/Users/mherbert/pico-sdk/lib/tinyusb/src/device/usbd.c.obj
 .text.tud_mounted
                0x0000000010005468       0x10 hello_world/usb/CMakeFiles/hello_usb.dir/Users/mherbert/pico-sdk/lib/tinyusb/src/device/usbd.c.obj
                0x0000000010005468                tud_mounted
 .text.tud_suspended
                0x0000000010005478       0x10 hello_world/usb/CMakeFiles/hello_usb.dir/Users/mherbert/pico-sdk/lib/tinyusb/src/device/usbd.c.obj
                0x0000000010005478                tud_suspended
 .text.tud_inited
                0x0000000010005488       0x14 hello_world/usb/CMakeFiles/hello_usb.dir/Users/mherbert/pico-sdk/lib/tinyusb/src/device/usbd.c.obj
                0x0000000010005488                tud_inited
 .text.tud_init
                0x000000001000549c       0xcc hello_world/usb/CMakeFiles/hello_usb.dir/Users/mherbert/pico-sdk/lib/tinyusb/src/device/usbd.c.obj
                0x000000001000549c                tud_init
 .text.usbd_defer_func
                0x0000000010005568       0x1e hello_world/usb/CMakeFiles/hello_usb.dir/Users/mherbert/pico-sdk/lib/tinyusb/src/device/usbd.c.obj
                0x0000000010005568                usbd_defer_func
 *fill*         0x0000000010005586        0x2 
 .text.usbd_edpt_open
                0x0000000010005588       0x34 hello_world/usb/CMakeFiles/hello_usb.dir/Users/mherbert/pico-sdk/lib/tinyusb/src/device/usbd.c.obj
                0x0000000010005588                usbd_edpt_open
 .text.usbd_open_edpt_pair
                0x00000000100055bc       0x62 hello_world/usb/CMakeFiles/hello_usb.dir/Users/mherbert/pico-sdk/lib/tinyusb/src/device/usbd.c.obj
                0x00000000100055bc                usbd_open_edpt_pair
 *fill*         0x000000001000561e        0x2 
 .text.usbd_edpt_claim
                0x0000000010005620       0x28 hello_world/usb/CMakeFiles/hello_usb.dir/Users/mherbert/pico-sdk/lib/tinyusb/src/device/usbd.c.obj
                0x0000000010005620                usbd_edpt_claim
 .text.usbd_edpt_release
                0x0000000010005648       0x28 hello_world/usb/CMakeFiles/hello_usb.dir/Users/mherbert/pico-sdk/lib/tinyusb/src/device/usbd.c.obj
                0x0000000010005648                usbd_edpt_release
 .text.usbd_edpt_xfer
                0x0000000010005670       0x78 hello_world/usb/CMakeFiles/hello_usb.dir/Users/mherbert/pico-sdk/lib/tinyusb/src/device/usbd.c.obj
                0x0000000010005670                usbd_edpt_xfer
 .text.usbd_edpt_stall
                0x00000000100056e8       0x48 hello_world/usb/CMakeFiles/hello_usb.dir/Users/mherbert/pico-sdk/lib/tinyusb/src/device/usbd.c.obj
                0x00000000100056e8                usbd_edpt_stall
 .text.usbd_edpt_clear_stall
                0x0000000010005730       0x48 hello_world/usb/CMakeFiles/hello_usb.dir/Users/mherbert/pico-sdk/lib/tinyusb/src/device/usbd.c.obj
                0x0000000010005730                usbd_edpt_clear_stall
 .text.usbd_edpt_stalled
                0x0000000010005778       0x1c hello_world/usb/CMakeFiles/hello_usb.dir/Users/mherbert/pico-sdk/lib/tinyusb/src/device/usbd.c.obj
                0x0000000010005778                usbd_edpt_stalled
 .text.process_control_request
                0x0000000010005794      0x37c hello_world/usb/CMakeFiles/hello_usb.dir/Users/mherbert/pico-sdk/lib/tinyusb/src/device/usbd.c.obj
 .text.tud_task_ext
                0x0000000010005b10      0x1b4 hello_world/usb/CMakeFiles/hello_usb.dir/Users/mherbert/pico-sdk/lib/tinyusb/src/device/usbd.c.obj
                0x0000000010005b10                tud_task_ext
 .text._data_stage_xact
                0x0000000010005cc4       0x58 hello_world/usb/CMakeFiles/hello_usb.dir/Users/mherbert/pico-sdk/lib/tinyusb/src/device/usbd_control.c.obj
 .text.tud_control_status
                0x0000000010005d1c       0x38 hello_world/usb/CMakeFiles/hello_usb.dir/Users/mherbert/pico-sdk/lib/tinyusb/src/device/usbd_control.c.obj
                0x0000000010005d1c                tud_control_status
 .text.tud_control_xfer
                0x0000000010005d54       0x74 hello_world/usb/CMakeFiles/hello_usb.dir/Users/mherbert/pico-sdk/lib/tinyusb/src/device/usbd_control.c.obj
                0x0000000010005d54                tud_control_xfer
 .text.usbd_control_reset
                0x0000000010005dc8       0x14 hello_world/usb/CMakeFiles/hello_usb.dir/Users/mherbert/pico-sdk/lib/tinyusb/src/device/usbd_control.c.obj
                0x0000000010005dc8                usbd_control_reset
 .text.usbd_control_set_complete_callback
                0x0000000010005ddc        0xc hello_world/usb/CMakeFiles/hello_usb.dir/Users/mherbert/pico-sdk/lib/tinyusb/src/device/usbd_control.c.obj
                0x0000000010005ddc                usbd_control_set_complete_callback
 .text.usbd_control_set_request
                0x0000000010005de8       0x1c hello_world/usb/CMakeFiles/hello_usb.dir/Users/mherbert/pico-sdk/lib/tinyusb/src/device/usbd_control.c.obj
                0x0000000010005de8                usbd_control_set_request
 .text.usbd_control_xfer_cb
                0x0000000010005e04       0xcc hello_world/usb/CMakeFiles/hello_usb.dir/Users/mherbert/pico-sdk/lib/tinyusb/src/device/usbd_control.c.obj
                0x0000000010005e04                usbd_control_xfer_cb
 .text._prep_out_transaction
                0x0000000010005ed0       0x4a hello_world/usb/CMakeFiles/hello_usb.dir/Users/mherbert/pico-sdk/lib/tinyusb/src/class/cdc/cdc_device.c.obj
 *fill*         0x0000000010005f1a        0x2 
 .text.tud_cdc_n_connected
                0x0000000010005f1c       0x44 hello_world/usb/CMakeFiles/hello_usb.dir/Users/mherbert/pico-sdk/lib/tinyusb/src/class/cdc/cdc_device.c.obj
                0x0000000010005f1c                tud_cdc_n_connected
 .text.tud_cdc_n_available
                0x0000000010005f60       0x18 hello_world/usb/CMakeFiles/hello_usb.dir/Users/mherbert/pico-sdk/lib/tinyusb/src/class/cdc/cdc_device.c.obj
                0x0000000010005f60                tud_cdc_n_available
 .text.tud_cdc_n_read
                0x0000000010005f78       0x28 hello_world/usb/CMakeFiles/hello_usb.dir/Users/mherbert/pico-sdk/lib/tinyusb/src/class/cdc/cdc_device.c.obj
                0x0000000010005f78                tud_cdc_n_read
 .text.tud_cdc_n_write_flush
                0x0000000010005fa0       0xb8 hello_world/usb/CMakeFiles/hello_usb.dir/Users/mherbert/pico-sdk/lib/tinyusb/src/class/cdc/cdc_device.c.obj
                0x0000000010005fa0                tud_cdc_n_write_flush
 .text.tud_cdc_n_write
                0x0000000010006058       0x38 hello_world/usb/CMakeFiles/hello_usb.dir/Users/mherbert/pico-sdk/lib/tinyusb/src/class/cdc/cdc_device.c.obj
                0x0000000010006058                tud_cdc_n_write
 .text.tud_cdc_n_write_available
                0x0000000010006090       0x1c hello_world/usb/CMakeFiles/hello_usb.dir/Users/mherbert/pico-sdk/lib/tinyusb/src/class/cdc/cdc_device.c.obj
                0x0000000010006090                tud_cdc_n_write_available
 .text.cdcd_init
                0x00000000100060ac       0xbc hello_world/usb/CMakeFiles/hello_usb.dir/Users/mherbert/pico-sdk/lib/tinyusb/src/class/cdc/cdc_device.c.obj
                0x00000000100060ac                cdcd_init
 .text.cdcd_reset
                0x0000000010006168       0x44 hello_world/usb/CMakeFiles/hello_usb.dir/Users/mherbert/pico-sdk/lib/tinyusb/src/class/cdc/cdc_device.c.obj
                0x0000000010006168                cdcd_reset
 .text.cdcd_open
                0x00000000100061ac       0xcc hello_world/usb/CMakeFiles/hello_usb.dir/Users/mherbert/pico-sdk/lib/tinyusb/src/class/cdc/cdc_device.c.obj
                0x00000000100061ac                cdcd_open
 .text.cdcd_control_xfer_cb
                0x0000000010006278      0x134 hello_world/usb/CMakeFiles/hello_usb.dir/Users/mherbert/pico-sdk/lib/tinyusb/src/class/cdc/cdc_device.c.obj
                0x0000000010006278                cdcd_control_xfer_cb
 .text.cdcd_xfer_cb
                0x00000000100063ac      0x130 hello_world/usb/CMakeFiles/hello_usb.dir/Users/mherbert/pico-sdk/lib/tinyusb/src/class/cdc/cdc_device.c.obj
                0x00000000100063ac                cdcd_xfer_cb
 .text.tusb_init
                0x00000000100064dc        0xa hello_world/usb/CMakeFiles/hello_usb.dir/Users/mherbert/pico-sdk/lib/tinyusb/src/tusb.c.obj
                0x00000000100064dc                tusb_init
 .text.tusb_inited
                0x00000000100064e6        0xe hello_world/usb/CMakeFiles/hello_usb.dir/Users/mherbert/pico-sdk/lib/tinyusb/src/tusb.c.obj
                0x00000000100064e6                tusb_inited
 .text.tu_edpt_claim
                0x00000000100064f4       0x50 hello_world/usb/CMakeFiles/hello_usb.dir/Users/mherbert/pico-sdk/lib/tinyusb/src/tusb.c.obj
                0x00000000100064f4                tu_edpt_claim
 .text.tu_edpt_release
                0x0000000010006544       0x3c hello_world/usb/CMakeFiles/hello_usb.dir/Users/mherbert/pico-sdk/lib/tinyusb/src/tusb.c.obj
                0x0000000010006544                tu_edpt_release
 .text.tu_edpt_validate
                0x0000000010006580       0x78 hello_world/usb/CMakeFiles/hello_usb.dir/Users/mherbert/pico-sdk/lib/tinyusb/src/tusb.c.obj
                0x0000000010006580                tu_edpt_validate
 .text.tu_edpt_bind_driver
                0x00000000100065f8       0x26 hello_world/usb/CMakeFiles/hello_usb.dir/Users/mherbert/pico-sdk/lib/tinyusb/src/tusb.c.obj
                0x00000000100065f8                tu_edpt_bind_driver
 .text.advance_index
                0x000000001000661e       0x1a hello_world/usb/CMakeFiles/hello_usb.dir/Users/mherbert/pico-sdk/lib/tinyusb/src/common/tusb_fifo.c.obj
 .text._tu_fifo_peek
                0x0000000010006638       0x56 hello_world/usb/CMakeFiles/hello_usb.dir/Users/mherbert/pico-sdk/lib/tinyusb/src/common/tusb_fifo.c.obj
 .text._ff_pull_const_addr
                0x000000001000668e       0x4c hello_world/usb/CMakeFiles/hello_usb.dir/Users/mherbert/pico-sdk/lib/tinyusb/src/common/tusb_fifo.c.obj
 .text._ff_pull_n
                0x00000000100066da      0x110 hello_world/usb/CMakeFiles/hello_usb.dir/Users/mherbert/pico-sdk/lib/tinyusb/src/common/tusb_fifo.c.obj
 .text._tu_fifo_peek_n
                0x00000000100067ea       0x6a hello_world/usb/CMakeFiles/hello_usb.dir/Users/mherbert/pico-sdk/lib/tinyusb/src/common/tusb_fifo.c.obj
 .text._tu_fifo_read_n
                0x0000000010006854       0x4e hello_world/usb/CMakeFiles/hello_usb.dir/Users/mherbert/pico-sdk/lib/tinyusb/src/common/tusb_fifo.c.obj
 .text._ff_push_const_addr
                0x00000000100068a2       0x40 hello_world/usb/CMakeFiles/hello_usb.dir/Users/mherbert/pico-sdk/lib/tinyusb/src/common/tusb_fifo.c.obj
 .text._ff_push_n
                0x00000000100068e2      0x10a hello_world/usb/CMakeFiles/hello_usb.dir/Users/mherbert/pico-sdk/lib/tinyusb/src/common/tusb_fifo.c.obj
 .text._tu_fifo_write_n
                0x00000000100069ec       0xf0 hello_world/usb/CMakeFiles/hello_usb.dir/Users/mherbert/pico-sdk/lib/tinyusb/src/common/tusb_fifo.c.obj
 .text.tu_fifo_config
                0x0000000010006adc       0x7e hello_world/usb/CMakeFiles/hello_usb.dir/Users/mherbert/pico-sdk/lib/tinyusb/src/common/tusb_fifo.c.obj
                0x0000000010006adc                tu_fifo_config
 .text.tu_fifo_count
                0x0000000010006b5a       0x2a hello_world/usb/CMakeFiles/hello_usb.dir/Users/mherbert/pico-sdk/lib/tinyusb/src/common/tusb_fifo.c.obj
                0x0000000010006b5a                tu_fifo_count
 .text.tu_fifo_empty
                0x0000000010006b84        0xe hello_world/usb/CMakeFiles/hello_usb.dir/Users/mherbert/pico-sdk/lib/tinyusb/src/common/tusb_fifo.c.obj
                0x0000000010006b84                tu_fifo_empty
 .text.tu_fifo_full
                0x0000000010006b92       0x28 hello_world/usb/CMakeFiles/hello_usb.dir/Users/mherbert/pico-sdk/lib/tinyusb/src/common/tusb_fifo.c.obj
                0x0000000010006b92                tu_fifo_full
 .text.tu_fifo_remaining
                0x0000000010006bba       0x2c hello_world/usb/CMakeFiles/hello_usb.dir/Users/mherbert/pico-sdk/lib/tinyusb/src/common/tusb_fifo.c.obj
                0x0000000010006bba                tu_fifo_remaining
 .text.tu_fifo_read
                0x0000000010006be6       0x42 hello_world/usb/CMakeFiles/hello_usb.dir/Users/mherbert/pico-sdk/lib/tinyusb/src/common/tusb_fifo.c.obj
                0x0000000010006be6                tu_fifo_read
 .text.tu_fifo_read_n
                0x0000000010006c28        0xa hello_world/usb/CMakeFiles/hello_usb.dir/Users/mherbert/pico-sdk/lib/tinyusb/src/common/tusb_fifo.c.obj
                0x0000000010006c28                tu_fifo_read_n
 .text.tu_fifo_write
                0x0000000010006c32       0x64 hello_world/usb/CMakeFiles/hello_usb.dir/Users/mherbert/pico-sdk/lib/tinyusb/src/common/tusb_fifo.c.obj
                0x0000000010006c32                tu_fifo_write
 .text.tu_fifo_write_n
                0x0000000010006c96        0xa hello_world/usb/CMakeFiles/hello_usb.dir/Users/mherbert/pico-sdk/lib/tinyusb/src/common/tusb_fifo.c.obj
                0x0000000010006c96                tu_fifo_write_n
 .text.tu_fifo_clear
                0x0000000010006ca0       0x3e hello_world/usb/CMakeFiles/hello_usb.dir/Users/mherbert/pico-sdk/lib/tinyusb/src/common/tusb_fifo.c.obj
                0x0000000010006ca0                tu_fifo_clear
 .text.tu_fifo_set_overwritable
                0x0000000010006cde       0x46 hello_world/usb/CMakeFiles/hello_usb.dir/Users/mherbert/pico-sdk/lib/tinyusb/src/common/tusb_fifo.c.obj
                0x0000000010006cde                tu_fifo_set_overwritable
 .text.i2c_write_blocking_internal
                0x0000000010006d24      0x13c hello_world/usb/CMakeFiles/hello_usb.dir/Users/mherbert/pico-sdk/src/rp2_common/hardware_i2c/i2c.c.obj
 .text.i2c_read_blocking_internal
                0x0000000010006e60       0xe0 hello_world/usb/CMakeFiles/hello_usb.dir/Users/mherbert/pico-sdk/src/rp2_common/hardware_i2c/i2c.c.obj
 .text.i2c_set_baudrate
                0x0000000010006f40       0xf0 hello_world/usb/CMakeFiles/hello_usb.dir/Users/mherbert/pico-sdk/src/rp2_common/hardware_i2c/i2c.c.obj
                0x0000000010006f40                i2c_set_baudrate
 .text.i2c_init
                0x0000000010007030       0x58 hello_world/usb/CMakeFiles/hello_usb.dir/Users/mherbert/pico-sdk/src/rp2_common/hardware_i2c/i2c.c.obj
                0x0000000010007030                i2c_init
 .text.i2c_write_blocking
                0x0000000010007088       0x18 hello_world/usb/CMakeFiles/hello_usb.dir/Users/mherbert/pico-sdk/src/rp2_common/hardware_i2c/i2c.c.obj
                0x0000000010007088                i2c_write_blocking
 .text.i2c_read_blocking
                0x00000000100070a0       0x18 hello_world/usb/CMakeFiles/hello_usb.dir/Users/mherbert/pico-sdk/src/rp2_common/hardware_i2c/i2c.c.obj
                0x00000000100070a0                i2c_read_blocking
 .text.strlen   0x00000000100070b8       0x5c /usr/local/Cellar/arm-gcc-bin/9-2019-q4-major/bin/../lib/gcc/arm-none-eabi/9.2.1/../../../../arm-none-eabi/lib/thumb/v6-m/nofp/libg.a(lib_a-strlen-stub.o)
                0x00000000100070b8                strlen
 *(.fini)
 .fini          0x0000000010007114        0x4 /usr/local/Cellar/arm-gcc-bin/9-2019-q4-major/bin/../lib/gcc/arm-none-eabi/9.2.1/thumb/v6-m/nofp/crti.o
                0x0000000010007114                _fini
 .fini.__stub   0x0000000010007118       0xe0 linker stubs
 *crtbegin.o(.ctors)
 *crtbegin?.o(.ctors)
 *(EXCLUDE_FILE(*crtend.o *crtend?.o) .ctors)
 *(SORT_BY_NAME(.ctors.*))
 *(.ctors)
 *crtbegin.o(.dtors)
 *crtbegin?.o(.dtors)
 *(EXCLUDE_FILE(*crtend.o *crtend?.o) .dtors)
 *(SORT_BY_NAME(.dtors.*))
 *(.dtors)
 *(.eh_frame*)
 .eh_frame      0x00000000100071f8        0x0 /usr/local/Cellar/arm-gcc-bin/9-2019-q4-major/bin/../lib/gcc/arm-none-eabi/9.2.1/thumb/v6-m/nofp/crtbegin.o
                0x00000000100071f8                . = ALIGN (0x4)

.glue_7         0x00000000100071f8        0x0
 .glue_7        0x00000000100071f8        0x0 linker stubs

.glue_7t        0x00000000100071f8        0x0
 .glue_7t       0x00000000100071f8        0x0 linker stubs

.vfp11_veneer   0x00000000100071f8        0x0
 .vfp11_veneer  0x00000000100071f8        0x0 linker stubs

.v4_bx          0x00000000100071f8        0x0
 .v4_bx         0x00000000100071f8        0x0 linker stubs

.iplt           0x00000000100071f8        0x0
 .iplt          0x00000000100071f8        0x0 /usr/local/Cellar/arm-gcc-bin/9-2019-q4-major/bin/../lib/gcc/arm-none-eabi/9.2.1/thumb/v6-m/nofp/crtbegin.o

.rodata         0x00000000100071f8     0x1618
 *(EXCLUDE_FILE(*libm.a: *libc.a:*lib_a-mem*.o *libgcc.a:) .rodata*)
 .rodata.main.str1.4
                0x00000000100071f8       0x23 hello_world/usb/CMakeFiles/hello_usb.dir/hello_usb.c.obj
 *fill*         0x000000001000721b        0x1 
 .rodata.spin_lock_claim_unused.str1.4
                0x000000001000721c       0x1b hello_world/usb/CMakeFiles/hello_usb.dir/Users/mherbert/pico-sdk/src/rp2_common/hardware_sync/sync.c.obj
 *fill*         0x0000000010007237        0x1 
 .rodata.make_branch.str1.4
                0x0000000010007238       0x6b hello_world/usb/CMakeFiles/hello_usb.dir/Users/mherbert/pico-sdk/src/rp2_common/hardware_irq/irq.c.obj
 *fill*         0x00000000100072a3        0x1 
 .rodata.insert_branch_and_link.str1.4
                0x00000000100072a4       0x10 hello_world/usb/CMakeFiles/hello_usb.dir/Users/mherbert/pico-sdk/src/rp2_common/hardware_irq/irq.c.obj
 .rodata.irq_set_exclusive_handler.str1.4
                0x00000000100072b4       0x36 hello_world/usb/CMakeFiles/hello_usb.dir/Users/mherbert/pico-sdk/src/rp2_common/hardware_irq/irq.c.obj
 *fill*         0x00000000100072ea        0x2 
 .rodata.irq_add_shared_handler.str1.4
                0x00000000100072ec       0xd9 hello_world/usb/CMakeFiles/hello_usb.dir/Users/mherbert/pico-sdk/src/rp2_common/hardware_irq/irq.c.obj
 *fill*         0x00000000100073c5        0x3 
 .rodata.irq_remove_handler.str1.4
                0x00000000100073c8       0x3a hello_world/usb/CMakeFiles/hello_usb.dir/Users/mherbert/pico-sdk/src/rp2_common/hardware_irq/irq.c.obj
 *fill*         0x0000000010007402        0x2 
 .rodata.irq_add_tail_to_free_list.str1.4
                0x0000000010007404       0x3a hello_world/usb/CMakeFiles/hello_usb.dir/Users/mherbert/pico-sdk/src/rp2_common/hardware_irq/irq.c.obj
 *fill*         0x000000001000743e        0x2 
 .rodata.user_irq_claim_unused.str1.4
                0x0000000010007440       0x1b hello_world/usb/CMakeFiles/hello_usb.dir/Users/mherbert/pico-sdk/src/rp2_common/hardware_irq/irq.c.obj
 *fill*         0x000000001000745b        0x1 
 .rodata.__func__.4811
                0x000000001000745c       0x1a hello_world/usb/CMakeFiles/hello_usb.dir/Users/mherbert/pico-sdk/src/rp2_common/hardware_irq/irq.c.obj
 *fill*         0x0000000010007476        0x2 
 .rodata.__func__.4825
                0x0000000010007478        0xc hello_world/usb/CMakeFiles/hello_usb.dir/Users/mherbert/pico-sdk/src/rp2_common/hardware_irq/irq.c.obj
 .rodata.__func__.4833
                0x0000000010007484       0x17 hello_world/usb/CMakeFiles/hello_usb.dir/Users/mherbert/pico-sdk/src/rp2_common/hardware_irq/irq.c.obj
 *fill*         0x000000001000749b        0x1 
 .rodata.__func__.4837
                0x000000001000749c        0xf hello_world/usb/CMakeFiles/hello_usb.dir/Users/mherbert/pico-sdk/src/rp2_common/hardware_irq/irq.c.obj
 *fill*         0x00000000100074ab        0x1 
 .rodata.__func__.4854
                0x00000000100074ac       0x17 hello_world/usb/CMakeFiles/hello_usb.dir/Users/mherbert/pico-sdk/src/rp2_common/hardware_irq/irq.c.obj
 *fill*         0x00000000100074c3        0x1 
 .rodata.__func__.4876
                0x00000000100074c4       0x13 hello_world/usb/CMakeFiles/hello_usb.dir/Users/mherbert/pico-sdk/src/rp2_common/hardware_irq/irq.c.obj
 *fill*         0x00000000100074d7        0x1 
 .rodata.__func__.4898
                0x00000000100074d8       0x1a hello_world/usb/CMakeFiles/hello_usb.dir/Users/mherbert/pico-sdk/src/rp2_common/hardware_irq/irq.c.obj
 *fill*         0x00000000100074f2        0x2 
 .rodata.str1.4
                0x00000000100074f4       0xe9 hello_world/usb/CMakeFiles/hello_usb.dir/Users/mherbert/pico-sdk/src/common/pico_sync/mutex.c.obj
 *fill*         0x00000000100075dd        0x3 
 .rodata.__func__.4215
                0x00000000100075e0       0x15 hello_world/usb/CMakeFiles/hello_usb.dir/Users/mherbert/pico-sdk/src/common/pico_sync/mutex.c.obj
 *fill*         0x00000000100075f5        0x3 
 .rodata.__func__.4726
                0x00000000100075f8       0x18 hello_world/usb/CMakeFiles/hello_usb.dir/Users/mherbert/pico-sdk/src/common/pico_sync/mutex.c.obj
 .rodata.__func__.4745
                0x0000000010007610        0xb hello_world/usb/CMakeFiles/hello_usb.dir/Users/mherbert/pico-sdk/src/common/pico_sync/mutex.c.obj
 *fill*         0x000000001000761b        0x1 
 .rodata.repeating_timer_callback.str1.4
                0x000000001000761c       0x49 hello_world/usb/CMakeFiles/hello_usb.dir/Users/mherbert/pico-sdk/src/common/pico_time/time.c.obj
 *fill*         0x0000000010007665        0x3 
 .rodata.timer_pool_entry_comparator.str1.4
                0x0000000010007668       0x22 hello_world/usb/CMakeFiles/hello_usb.dir/Users/mherbert/pico-sdk/src/common/pico_time/time.c.obj
 *fill*         0x000000001000768a        0x2 
 .rodata.ph_add_child_node.str1.4
                0x000000001000768c       0x92 hello_world/usb/CMakeFiles/hello_usb.dir/Users/mherbert/pico-sdk/src/common/pico_time/time.c.obj
 *fill*         0x000000001000771e        0x2 
 .rodata.add_alarm_under_lock.str1.4
                0x0000000010007720       0x28 hello_world/usb/CMakeFiles/hello_usb.dir/Users/mherbert/pico-sdk/src/common/pico_time/time.c.obj
                                         0x2b (size before relaxing)
 .rodata.alarm_pool_alarm_callback.str1.4
                0x0000000010007748       0x98 hello_world/usb/CMakeFiles/hello_usb.dir/Users/mherbert/pico-sdk/src/common/pico_time/time.c.obj
                                         0xf8 (size before relaxing)
 .rodata.alarm_pool_get_default.str1.4
                0x00000000100077e0       0x21 hello_world/usb/CMakeFiles/hello_usb.dir/Users/mherbert/pico-sdk/src/common/pico_time/time.c.obj
 *fill*         0x0000000010007801        0x3 
 .rodata.alarm_pool_cancel_alarm.str1.4
                0x0000000010007804       0x27 hello_world/usb/CMakeFiles/hello_usb.dir/Users/mherbert/pico-sdk/src/common/pico_time/time.c.obj
 *fill*         0x000000001000782b        0x1 
 .rodata.sleep_until.str1.4
                0x000000001000782c       0x4d hello_world/usb/CMakeFiles/hello_usb.dir/Users/mherbert/pico-sdk/src/common/pico_time/time.c.obj
 *fill*         0x0000000010007879        0x3 
 .rodata.__func__.5710
                0x000000001000787c       0x15 hello_world/usb/CMakeFiles/hello_usb.dir/Users/mherbert/pico-sdk/src/common/pico_time/time.c.obj
 *fill*         0x0000000010007891        0x3 
 .rodata.__func__.6054
                0x0000000010007894        0xc hello_world/usb/CMakeFiles/hello_usb.dir/Users/mherbert/pico-sdk/src/common/pico_time/time.c.obj
 .rodata.__func__.6061
                0x00000000100078a0       0x12 hello_world/usb/CMakeFiles/hello_usb.dir/Users/mherbert/pico-sdk/src/common/pico_time/time.c.obj
 *fill*         0x00000000100078b2        0x2 
 .rodata.__func__.6077
                0x00000000100078b4        0xf hello_world/usb/CMakeFiles/hello_usb.dir/Users/mherbert/pico-sdk/src/common/pico_time/time.c.obj
 *fill*         0x00000000100078c3        0x1 
 .rodata.__func__.6099
                0x00000000100078c4        0xd hello_world/usb/CMakeFiles/hello_usb.dir/Users/mherbert/pico-sdk/src/common/pico_time/time.c.obj
 *fill*         0x00000000100078d1        0x3 
 .rodata.__func__.6328
                0x00000000100078d4        0xa hello_world/usb/CMakeFiles/hello_usb.dir/Users/mherbert/pico-sdk/src/common/pico_time/time.c.obj
 *fill*         0x00000000100078de        0x2 
 .rodata.__func__.6333
                0x00000000100078e0       0x12 hello_world/usb/CMakeFiles/hello_usb.dir/Users/mherbert/pico-sdk/src/common/pico_time/time.c.obj
 *fill*         0x00000000100078f2        0x2 
 .rodata.__func__.6348
                0x00000000100078f4       0x17 hello_world/usb/CMakeFiles/hello_usb.dir/Users/mherbert/pico-sdk/src/common/pico_time/time.c.obj
 *fill*         0x000000001000790b        0x1 
 .rodata.__func__.6359
                0x000000001000790c       0x15 hello_world/usb/CMakeFiles/hello_usb.dir/Users/mherbert/pico-sdk/src/common/pico_time/time.c.obj
 *fill*         0x0000000010007921        0x3 
 .rodata.__func__.6376
                0x0000000010007924       0x1a hello_world/usb/CMakeFiles/hello_usb.dir/Users/mherbert/pico-sdk/src/common/pico_time/time.c.obj
 *fill*         0x000000001000793e        0x2 
 .rodata.__func__.6429
                0x0000000010007940       0x18 hello_world/usb/CMakeFiles/hello_usb.dir/Users/mherbert/pico-sdk/src/common/pico_time/time.c.obj
 .rodata.hardware_alarm_claim.str1.4
                0x0000000010007958       0x22 hello_world/usb/CMakeFiles/hello_usb.dir/Users/mherbert/pico-sdk/src/rp2_common/hardware_timer/timer.c.obj
 *fill*         0x000000001000797a        0x2 
 .rodata.hardware_alarm_set_target.str1.4
                0x000000001000797c       0x63 hello_world/usb/CMakeFiles/hello_usb.dir/Users/mherbert/pico-sdk/src/rp2_common/hardware_timer/timer.c.obj
 *fill*         0x00000000100079df        0x1 
 .rodata.__func__.4592
                0x00000000100079e0       0x1a hello_world/usb/CMakeFiles/hello_usb.dir/Users/mherbert/pico-sdk/src/rp2_common/hardware_timer/timer.c.obj
 .rodata.ph_add_child_node.str1.4
                0x00000000100079fa       0x92 hello_world/usb/CMakeFiles/hello_usb.dir/Users/mherbert/pico-sdk/src/common/pico_util/pheap.c.obj
 *fill*         0x00000000100079fa        0x2 
 .rodata.ph_remove_any_head.str1.4
                0x00000000100079fc       0x8c hello_world/usb/CMakeFiles/hello_usb.dir/Users/mherbert/pico-sdk/src/common/pico_util/pheap.c.obj
                                         0xa0 (size before relaxing)
 .rodata.ph_remove_and_free_node.str1.4
                0x0000000010007a88       0x1e hello_world/usb/CMakeFiles/hello_usb.dir/Users/mherbert/pico-sdk/src/common/pico_util/pheap.c.obj
                                         0x26 (size before relaxing)
 *fill*         0x0000000010007aa6        0x2 
 .rodata.__func__.5735
                0x0000000010007aa8        0xc hello_world/usb/CMakeFiles/hello_usb.dir/Users/mherbert/pico-sdk/src/common/pico_util/pheap.c.obj
 .rodata.__func__.5742
                0x0000000010007ab4       0x12 hello_world/usb/CMakeFiles/hello_usb.dir/Users/mherbert/pico-sdk/src/common/pico_util/pheap.c.obj
 *fill*         0x0000000010007ac6        0x2 
 .rodata.__func__.5828
                0x0000000010007ac8       0x13 hello_world/usb/CMakeFiles/hello_usb.dir/Users/mherbert/pico-sdk/src/common/pico_util/pheap.c.obj
 *fill*         0x0000000010007adb        0x1 
 .rodata.__func__.5846
                0x0000000010007adc       0x18 hello_world/usb/CMakeFiles/hello_usb.dir/Users/mherbert/pico-sdk/src/common/pico_util/pheap.c.obj
 .rodata.clock_configure.str1.4
                0x0000000010007af4       0x55 hello_world/usb/CMakeFiles/hello_usb.dir/Users/mherbert/pico-sdk/src/rp2_common/hardware_clocks/clocks.c.obj
 *fill*         0x0000000010007b49        0x3 
 .rodata.__func__.4778
                0x0000000010007b4c       0x10 hello_world/usb/CMakeFiles/hello_usb.dir/Users/mherbert/pico-sdk/src/rp2_common/hardware_clocks/clocks.c.obj
 .rodata.pll_init.str1.4
                0x0000000010007b5c      0x120 hello_world/usb/CMakeFiles/hello_usb.dir/Users/mherbert/pico-sdk/src/rp2_common/hardware_pll/pll.c.obj
 .rodata.__func__.4435
                0x0000000010007c7c        0x9 hello_world/usb/CMakeFiles/hello_usb.dir/Users/mherbert/pico-sdk/src/rp2_common/hardware_pll/pll.c.obj
 *fill*         0x0000000010007c85        0x3 
 .rodata.__assert_func.str1.4
                0x0000000010007c88       0x3f hello_world/usb/CMakeFiles/hello_usb.dir/Users/mherbert/pico-sdk/src/rp2_common/pico_runtime/runtime.c.obj
                                         0x43 (size before relaxing)
 *fill*         0x0000000010007cc7        0x1 
 .rodata.runtime_init.str1.4
                0x0000000010007cc8       0x5f hello_world/usb/CMakeFiles/hello_usb.dir/Users/mherbert/pico-sdk/src/rp2_common/pico_runtime/runtime.c.obj
 *fill*         0x0000000010007d27        0x1 
 .rodata.panic.str1.4
                0x0000000010007d28       0x12 hello_world/usb/CMakeFiles/hello_usb.dir/Users/mherbert/pico-sdk/src/rp2_common/pico_runtime/runtime.c.obj
 *fill*         0x0000000010007d3a        0x2 
 .rodata.__func__.6395
                0x0000000010007d3c        0xd hello_world/usb/CMakeFiles/hello_usb.dir/Users/mherbert/pico-sdk/src/rp2_common/pico_runtime/runtime.c.obj
 *fill*         0x0000000010007d49        0x3 
 .rodata._ftoa.str1.4
                0x0000000010007d4c       0x15 hello_world/usb/CMakeFiles/hello_usb.dir/Users/mherbert/pico-sdk/src/rp2_common/pico_printf/printf.c.obj
 *fill*         0x0000000010007d61        0x3 
 .rodata._vsnprintf
                0x0000000010007d64      0x1e0 hello_world/usb/CMakeFiles/hello_usb.dir/Users/mherbert/pico-sdk/src/rp2_common/pico_printf/printf.c.obj
 *fill*         0x0000000010007f44        0x4 
 .rodata.pow10.5440
                0x0000000010007f48       0x50 hello_world/usb/CMakeFiles/hello_usb.dir/Users/mherbert/pico-sdk/src/rp2_common/pico_printf/printf.c.obj
 .rodata.__aeabi_double_init.str1.4
                0x0000000010007f98       0x9a hello_world/usb/CMakeFiles/hello_usb.dir/Users/mherbert/pico-sdk/src/rp2_common/pico_double/double_init_rom.c.obj
 *fill*         0x0000000010008032        0x2 
 .rodata.__func__.4759
                0x0000000010008034       0x14 hello_world/usb/CMakeFiles/hello_usb.dir/Users/mherbert/pico-sdk/src/rp2_common/pico_double/double_init_rom.c.obj
 .rodata.__aeabi_float_init.str1.4
                0x0000000010008048       0x78 hello_world/usb/CMakeFiles/hello_usb.dir/Users/mherbert/pico-sdk/src/rp2_common/pico_float/float_init_rom.c.obj
                                         0x7c (size before relaxing)
 .rodata.__func__.4760
                0x00000000100080c0       0x13 hello_world/usb/CMakeFiles/hello_usb.dir/Users/mherbert/pico-sdk/src/rp2_common/pico_float/float_init_rom.c.obj
 *fill*         0x00000000100080d3        0x1 
 .rodata.str1.4
                0x00000000100080d4       0x88 hello_world/usb/CMakeFiles/hello_usb.dir/Users/mherbert/pico-sdk/src/rp2_common/pico_standard_link/binary_info.c.obj
 .rodata.__bi_44
                0x000000001000815c        0xc hello_world/usb/CMakeFiles/hello_usb.dir/Users/mherbert/pico-sdk/src/rp2_common/pico_standard_link/binary_info.c.obj
 .rodata.__bi_69
                0x0000000010008168        0xc hello_world/usb/CMakeFiles/hello_usb.dir/Users/mherbert/pico-sdk/src/rp2_common/pico_standard_link/binary_info.c.obj
 .rodata.__bi_75
                0x0000000010008174        0xc hello_world/usb/CMakeFiles/hello_usb.dir/Users/mherbert/pico-sdk/src/rp2_common/pico_standard_link/binary_info.c.obj
 .rodata.__bi_81
                0x0000000010008180        0xc hello_world/usb/CMakeFiles/hello_usb.dir/Users/mherbert/pico-sdk/src/rp2_common/pico_standard_link/binary_info.c.obj
 .rodata.stdout_serialize_begin.str1.4
                0x000000001000818c       0x5f hello_world/usb/CMakeFiles/hello_usb.dir/Users/mherbert/pico-sdk/src/rp2_common/pico_stdio/stdio.c.obj
 .rodata.__func__.5575
                0x000000001000818c       0x15 hello_world/usb/CMakeFiles/hello_usb.dir/Users/mherbert/pico-sdk/src/rp2_common/pico_stdio/stdio.c.obj
 *fill*         0x00000000100081a1        0x3 
 .rodata.crlf_str.6096
                0x00000000100081a4        0x2 hello_world/usb/CMakeFiles/hello_usb.dir/Users/mherbert/pico-sdk/src/rp2_common/pico_stdio/stdio.c.obj
 *fill*         0x00000000100081a6        0x2 
 .rodata._resetd_driver
                0x00000000100081a8       0x18 hello_world/usb/CMakeFiles/hello_usb.dir/Users/mherbert/pico-sdk/src/rp2_common/pico_stdio_usb/reset_interface.c.obj
 .rodata.low_priority_worker_irq.str1.4
                0x00000000100081c0       0x5f hello_world/usb/CMakeFiles/hello_usb.dir/Users/mherbert/pico-sdk/src/rp2_common/pico_stdio_usb/stdio_usb.c.obj
 .rodata.stdio_usb_init.str1.4
                0x00000000100081c0       0x43 hello_world/usb/CMakeFiles/hello_usb.dir/Users/mherbert/pico-sdk/src/rp2_common/pico_stdio_usb/stdio_usb.c.obj
                                         0x4b (size before relaxing)
 *fill*         0x0000000010008203        0x1 
 .rodata.str1.4
                0x0000000010008204       0x13 hello_world/usb/CMakeFiles/hello_usb.dir/Users/mherbert/pico-sdk/src/rp2_common/pico_stdio_usb/stdio_usb.c.obj
 *fill*         0x0000000010008217        0x1 
 .rodata.__bi_182.7671
                0x0000000010008218        0xc hello_world/usb/CMakeFiles/hello_usb.dir/Users/mherbert/pico-sdk/src/rp2_common/pico_stdio_usb/stdio_usb.c.obj
 .rodata.__func__.5433
                0x0000000010008224       0x15 hello_world/usb/CMakeFiles/hello_usb.dir/Users/mherbert/pico-sdk/src/rp2_common/pico_stdio_usb/stdio_usb.c.obj
 *fill*         0x0000000010008239        0x3 
 .rodata.__func__.7669
                0x000000001000823c        0xf hello_world/usb/CMakeFiles/hello_usb.dir/Users/mherbert/pico-sdk/src/rp2_common/pico_stdio_usb/stdio_usb.c.obj
 *fill*         0x000000001000824b        0x1 
 .rodata.str1.4
                0x000000001000824c       0x2a hello_world/usb/CMakeFiles/hello_usb.dir/Users/mherbert/pico-sdk/src/rp2_common/pico_stdio_usb/stdio_usb_descriptors.c.obj
 *fill*         0x0000000010008276        0x2 
 .rodata.usbd_desc_cfg
                0x0000000010008278       0x54 hello_world/usb/CMakeFiles/hello_usb.dir/Users/mherbert/pico-sdk/src/rp2_common/pico_stdio_usb/stdio_usb_descriptors.c.obj
 .rodata.usbd_desc_device
                0x00000000100082cc       0x12 hello_world/usb/CMakeFiles/hello_usb.dir/Users/mherbert/pico-sdk/src/rp2_common/pico_stdio_usb/stdio_usb_descriptors.c.obj
 *fill*         0x00000000100082de        0x2 
 .rodata.usbd_desc_str
                0x00000000100082e0       0x18 hello_world/usb/CMakeFiles/hello_usb.dir/Users/mherbert/pico-sdk/src/rp2_common/pico_stdio_usb/stdio_usb_descriptors.c.obj
 .rodata.pico_get_unique_board_id_string.str1.4
                0x00000000100082f8       0x4b hello_world/usb/CMakeFiles/hello_usb.dir/Users/mherbert/pico-sdk/src/rp2_common/pico_unique_id/unique_id.c.obj
 *fill*         0x0000000010008343        0x1 
 .rodata.__func__.4307
                0x0000000010008344       0x20 hello_world/usb/CMakeFiles/hello_usb.dir/Users/mherbert/pico-sdk/src/rp2_common/pico_unique_id/unique_id.c.obj
 .rodata.str1.4
                0x0000000010008364      0x156 hello_world/usb/CMakeFiles/hello_usb.dir/Users/mherbert/pico-sdk/src/rp2_common/hardware_flash/flash.c.obj
 *fill*         0x00000000100084ba        0x2 
 .rodata.__func__.4481
                0x00000000100084bc        0xd hello_world/usb/CMakeFiles/hello_usb.dir/Users/mherbert/pico-sdk/src/rp2_common/hardware_flash/flash.c.obj
 *fill*         0x00000000100084c9        0x3 
 .rodata._hw_endpoint_alloc.str1.4
                0x00000000100084cc       0xb5 hello_world/usb/CMakeFiles/hello_usb.dir/Users/mherbert/pico-sdk/lib/tinyusb/src/portable/raspberrypi/rp2040/dcd_rp2040.c.obj
 *fill*         0x0000000010008581        0x3 
 .rodata.str1.4
                0x0000000010008584       0x14 hello_world/usb/CMakeFiles/hello_usb.dir/Users/mherbert/pico-sdk/lib/tinyusb/src/portable/raspberrypi/rp2040/dcd_rp2040.c.obj
 .rodata.dcd_int_enable.str1.4
                0x0000000010008598        0xc hello_world/usb/CMakeFiles/hello_usb.dir/Users/mherbert/pico-sdk/lib/tinyusb/src/portable/raspberrypi/rp2040/dcd_rp2040.c.obj
 .rodata.__func__.6906
                0x00000000100085a4       0x13 hello_world/usb/CMakeFiles/hello_usb.dir/Users/mherbert/pico-sdk/lib/tinyusb/src/portable/raspberrypi/rp2040/dcd_rp2040.c.obj
 *fill*         0x00000000100085b7        0x1 
 .rodata.__func__.6977
                0x00000000100085b8        0x9 hello_world/usb/CMakeFiles/hello_usb.dir/Users/mherbert/pico-sdk/lib/tinyusb/src/portable/raspberrypi/rp2040/dcd_rp2040.c.obj
 *fill*         0x00000000100085c1        0x3 
 .rodata.__func__.6981
                0x00000000100085c4        0xf hello_world/usb/CMakeFiles/hello_usb.dir/Users/mherbert/pico-sdk/lib/tinyusb/src/portable/raspberrypi/rp2040/dcd_rp2040.c.obj
 *fill*         0x00000000100085d3        0x1 
 .rodata.__func__.6990
                0x00000000100085d4       0x10 hello_world/usb/CMakeFiles/hello_usb.dir/Users/mherbert/pico-sdk/lib/tinyusb/src/portable/raspberrypi/rp2040/dcd_rp2040.c.obj
 .rodata.__func__.7013
                0x00000000100085e4        0xe hello_world/usb/CMakeFiles/hello_usb.dir/Users/mherbert/pico-sdk/lib/tinyusb/src/portable/raspberrypi/rp2040/dcd_rp2040.c.obj
 *fill*         0x00000000100085f2        0x2 
 .rodata.__func__.7023
                0x00000000100085f4        0xe hello_world/usb/CMakeFiles/hello_usb.dir/Users/mherbert/pico-sdk/lib/tinyusb/src/portable/raspberrypi/rp2040/dcd_rp2040.c.obj
 *fill*         0x0000000010008602        0x2 
 .rodata.str1.4
                0x0000000010008604       0xe7 hello_world/usb/CMakeFiles/hello_usb.dir/Users/mherbert/pico-sdk/lib/tinyusb/src/portable/raspberrypi/rp2040/rp2040_usb.c.obj
 *fill*         0x00000000100086eb        0x1 
 .rodata.__func__.6732
                0x00000000100086ec        0xf hello_world/usb/CMakeFiles/hello_usb.dir/Users/mherbert/pico-sdk/lib/tinyusb/src/portable/raspberrypi/rp2040/rp2040_usb.c.obj
 *fill*         0x00000000100086fb        0x1 
 .rodata.process_get_descriptor
                0x00000000100086fc       0x40 hello_world/usb/CMakeFiles/hello_usb.dir/Users/mherbert/pico-sdk/lib/tinyusb/src/device/usbd.c.obj
 .rodata.process_control_request
                0x000000001000873c       0x28 hello_world/usb/CMakeFiles/hello_usb.dir/Users/mherbert/pico-sdk/lib/tinyusb/src/device/usbd.c.obj
 .rodata.tud_task_ext
                0x0000000010008764       0x24 hello_world/usb/CMakeFiles/hello_usb.dir/Users/mherbert/pico-sdk/lib/tinyusb/src/device/usbd.c.obj
 .rodata._usbd_driver
                0x0000000010008788       0x18 hello_world/usb/CMakeFiles/hello_usb.dir/Users/mherbert/pico-sdk/lib/tinyusb/src/device/usbd.c.obj
 .rodata.i2c_set_baudrate.str1.4
                0x00000000100087a0       0x5b hello_world/usb/CMakeFiles/hello_usb.dir/Users/mherbert/pico-sdk/src/rp2_common/hardware_i2c/i2c.c.obj
 *fill*         0x00000000100087fb        0x1 
 .rodata.__func__.4846
                0x00000000100087fc       0x11 hello_world/usb/CMakeFiles/hello_usb.dir/Users/mherbert/pico-sdk/src/rp2_common/hardware_i2c/i2c.c.obj
                0x0000000010008810                . = ALIGN (0x4)
 *fill*         0x000000001000880d        0x3 
 *(SORT_BY_ALIGNMENT(SORT_BY_NAME(.flashdata*)))
                0x0000000010008810                . = ALIGN (0x4)

.ARM.extab
 *(.ARM.extab* .gnu.linkonce.armextab.*)
                0x0000000010008810                __exidx_start = .

.ARM.exidx
 *(.ARM.exidx* .gnu.linkonce.armexidx.*)
                0x0000000010008810                __exidx_end = .
                0x0000000010008810                . = ALIGN (0x4)
                0x0000000010008810                __binary_info_start = .

.binary_info    0x0000000010008810       0x24
 *(.binary_info.keep.*)
 .binary_info.keep.__bi_ptr22
                0x0000000010008810        0x4 hello_world/usb/CMakeFiles/hello_usb.dir/Users/mherbert/pico-sdk/src/rp2_common/pico_standard_link/binary_info.c.obj
 .binary_info.keep.__bi_ptr30
                0x0000000010008814        0x4 hello_world/usb/CMakeFiles/hello_usb.dir/Users/mherbert/pico-sdk/src/rp2_common/pico_standard_link/binary_info.c.obj
 .binary_info.keep.__bi_ptr38
                0x0000000010008818        0x4 hello_world/usb/CMakeFiles/hello_usb.dir/Users/mherbert/pico-sdk/src/rp2_common/pico_standard_link/binary_info.c.obj
 .binary_info.keep.__bi_ptr44
                0x000000001000881c        0x4 hello_world/usb/CMakeFiles/hello_usb.dir/Users/mherbert/pico-sdk/src/rp2_common/pico_standard_link/binary_info.c.obj
 .binary_info.keep.__bi_ptr50
                0x0000000010008820        0x4 hello_world/usb/CMakeFiles/hello_usb.dir/Users/mherbert/pico-sdk/src/rp2_common/pico_standard_link/binary_info.c.obj
 .binary_info.keep.__bi_ptr69
                0x0000000010008824        0x4 hello_world/usb/CMakeFiles/hello_usb.dir/Users/mherbert/pico-sdk/src/rp2_common/pico_standard_link/binary_info.c.obj
 .binary_info.keep.__bi_ptr75
                0x0000000010008828        0x4 hello_world/usb/CMakeFiles/hello_usb.dir/Users/mherbert/pico-sdk/src/rp2_common/pico_standard_link/binary_info.c.obj
 .binary_info.keep.__bi_ptr81
                0x000000001000882c        0x4 hello_world/usb/CMakeFiles/hello_usb.dir/Users/mherbert/pico-sdk/src/rp2_common/pico_standard_link/binary_info.c.obj
 *(.binary_info.*)
 .binary_info.__bi_ptr182
                0x0000000010008830        0x4 hello_world/usb/CMakeFiles/hello_usb.dir/Users/mherbert/pico-sdk/src/rp2_common/pico_stdio_usb/stdio_usb.c.obj
                0x0000000010008834                __binary_info_end = .

.rel.dyn        0x0000000010008834        0x0
 .rel.iplt      0x0000000010008834        0x0 /usr/local/Cellar/arm-gcc-bin/9-2019-q4-major/bin/../lib/gcc/arm-none-eabi/9.2.1/thumb/v6-m/nofp/crtbegin.o
                0x0000000010008834                . = ALIGN (0x4)

.ram_vector_table
                0x0000000020000000       0xc0
 *(.ram_vector_table)
 .ram_vector_table
                0x0000000020000000       0xc0 hello_world/usb/CMakeFiles/hello_usb.dir/Users/mherbert/pico-sdk/src/rp2_common/pico_runtime/runtime.c.obj
                0x0000000020000000                ram_vector_table

.data           0x00000000200000c0      0xbf8 load address 0x0000000010008834
                0x00000000200000c0                __data_start__ = .
 *(vtable)
 *(.time_critical*)
 .time_critical.mutex_try_enter
                0x00000000200000c0       0x48 hello_world/usb/CMakeFiles/hello_usb.dir/Users/mherbert/pico-sdk/src/common/pico_sync/mutex.c.obj
                0x00000000200000c0                mutex_try_enter
 .time_critical.mutex_enter_block_until
                0x0000000020000108       0x88 hello_world/usb/CMakeFiles/hello_usb.dir/Users/mherbert/pico-sdk/src/common/pico_sync/mutex.c.obj
                0x0000000020000108                mutex_enter_block_until
 .time_critical.mutex_try_enter_block_until
                0x0000000020000190       0x34 hello_world/usb/CMakeFiles/hello_usb.dir/Users/mherbert/pico-sdk/src/common/pico_sync/mutex.c.obj
                0x0000000020000190                mutex_try_enter_block_until
 .time_critical.mutex_enter_timeout_ms
                0x00000000200001c4       0x68 hello_world/usb/CMakeFiles/hello_usb.dir/Users/mherbert/pico-sdk/src/common/pico_sync/mutex.c.obj
                0x00000000200001c4                mutex_enter_timeout_ms
 .time_critical.mutex_exit
                0x000000002000022c       0x4c hello_world/usb/CMakeFiles/hello_usb.dir/Users/mherbert/pico-sdk/src/common/pico_sync/mutex.c.obj
                0x000000002000022c                mutex_exit
 .time_critical.flash_init_boot2_copyout
                0x0000000020000278       0x30 hello_world/usb/CMakeFiles/hello_usb.dir/Users/mherbert/pico-sdk/src/rp2_common/hardware_flash/flash.c.obj
 .time_critical.flash_enable_xip_via_boot2
                0x00000000200002a8       0x10 hello_world/usb/CMakeFiles/hello_usb.dir/Users/mherbert/pico-sdk/src/rp2_common/hardware_flash/flash.c.obj
 .time_critical.flash_cs_force
                0x00000000200002b8       0x28 hello_world/usb/CMakeFiles/hello_usb.dir/Users/mherbert/pico-sdk/src/rp2_common/hardware_flash/flash.c.obj
 .time_critical.flash_do_cmd
                0x00000000200002e0       0xd8 hello_world/usb/CMakeFiles/hello_usb.dir/Users/mherbert/pico-sdk/src/rp2_common/hardware_flash/flash.c.obj
                0x00000000200002e0                flash_do_cmd
 .time_critical.reset_non_control_endpoints
                0x00000000200003b8       0x40 hello_world/usb/CMakeFiles/hello_usb.dir/Users/mherbert/pico-sdk/lib/tinyusb/src/portable/raspberrypi/rp2040/dcd_rp2040.c.obj
 .time_critical.hw_handle_buff_status
                0x00000000200003f8       0xb4 hello_world/usb/CMakeFiles/hello_usb.dir/Users/mherbert/pico-sdk/lib/tinyusb/src/portable/raspberrypi/rp2040/dcd_rp2040.c.obj
 .time_critical.dcd_rp2040_irq
                0x00000000200004ac      0x1dc hello_world/usb/CMakeFiles/hello_usb.dir/Users/mherbert/pico-sdk/lib/tinyusb/src/portable/raspberrypi/rp2040/dcd_rp2040.c.obj
 .time_critical.e15_is_bulkin_ep
                0x0000000020000688       0x2c hello_world/usb/CMakeFiles/hello_usb.dir/Users/mherbert/pico-sdk/lib/tinyusb/src/portable/raspberrypi/rp2040/rp2040_usb.c.obj
 .time_critical.e15_is_critical_frame_period
                0x00000000200006b4       0x30 hello_world/usb/CMakeFiles/hello_usb.dir/Users/mherbert/pico-sdk/lib/tinyusb/src/portable/raspberrypi/rp2040/rp2040_usb.c.obj
 .time_critical.prepare_ep_buffer
                0x00000000200006e4       0x70 hello_world/usb/CMakeFiles/hello_usb.dir/Users/mherbert/pico-sdk/lib/tinyusb/src/portable/raspberrypi/rp2040/rp2040_usb.c.obj
 .time_critical.sync_ep_buffer
                0x0000000020000754       0x80 hello_world/usb/CMakeFiles/hello_usb.dir/Users/mherbert/pico-sdk/lib/tinyusb/src/portable/raspberrypi/rp2040/rp2040_usb.c.obj
 .time_critical._hw_endpoint_xfer_sync
                0x00000000200007d4       0x28 hello_world/usb/CMakeFiles/hello_usb.dir/Users/mherbert/pico-sdk/lib/tinyusb/src/portable/raspberrypi/rp2040/rp2040_usb.c.obj
 .time_critical.hw_endpoint_reset_transfer
                0x00000000200007fc        0xc hello_world/usb/CMakeFiles/hello_usb.dir/Users/mherbert/pico-sdk/lib/tinyusb/src/portable/raspberrypi/rp2040/rp2040_usb.c.obj